Archive member included to satisfy reference by file (symbol)

/private/var/folders/fn/c320ylh162n58sqzz0495gg40000gq/T/AppTranslocation/4CBD1C0D-0AD1-453E-8626-BC7EC180C708/d/FreedomStudio.app/Contents/Eclipse/SiFive/riscv64-unknown-elf-gcc-8.3.0-2020.04.1/bin/../lib/gcc/riscv64-unknown-elf/8.3.0/../../../../riscv64-unknown-elf/lib/rv32imac/ilp32/libc_nano.a(lib_a-printf.o)
                              /var/folders/fn/c320ylh162n58sqzz0495gg40000gq/T//ccbtUxfF.o (printf)
/private/var/folders/fn/c320ylh162n58sqzz0495gg40000gq/T/AppTranslocation/4CBD1C0D-0AD1-453E-8626-BC7EC180C708/d/FreedomStudio.app/Contents/Eclipse/SiFive/riscv64-unknown-elf-gcc-8.3.0-2020.04.1/bin/../lib/gcc/riscv64-unknown-elf/8.3.0/../../../../riscv64-unknown-elf/lib/rv32imac/ilp32/libc_nano.a(lib_a-puts.o)
                              /var/folders/fn/c320ylh162n58sqzz0495gg40000gq/T//ccqIhgJX.o (puts)
/private/var/folders/fn/c320ylh162n58sqzz0495gg40000gq/T/AppTranslocation/4CBD1C0D-0AD1-453E-8626-BC7EC180C708/d/FreedomStudio.app/Contents/Eclipse/SiFive/riscv64-unknown-elf-gcc-8.3.0-2020.04.1/bin/../lib/gcc/riscv64-unknown-elf/8.3.0/../../../../riscv64-unknown-elf/lib/rv32imac/ilp32/libc_nano.a(lib_a-wbuf.o)
                              /private/var/folders/fn/c320ylh162n58sqzz0495gg40000gq/T/AppTranslocation/4CBD1C0D-0AD1-453E-8626-BC7EC180C708/d/FreedomStudio.app/Contents/Eclipse/SiFive/riscv64-unknown-elf-gcc-8.3.0-2020.04.1/bin/../lib/gcc/riscv64-unknown-elf/8.3.0/../../../../riscv64-unknown-elf/lib/rv32imac/ilp32/libc_nano.a(lib_a-puts.o) (__swbuf_r)
/private/var/folders/fn/c320ylh162n58sqzz0495gg40000gq/T/AppTranslocation/4CBD1C0D-0AD1-453E-8626-BC7EC180C708/d/FreedomStudio.app/Contents/Eclipse/SiFive/riscv64-unknown-elf-gcc-8.3.0-2020.04.1/bin/../lib/gcc/riscv64-unknown-elf/8.3.0/../../../../riscv64-unknown-elf/lib/rv32imac/ilp32/libc_nano.a(lib_a-wsetup.o)
                              /private/var/folders/fn/c320ylh162n58sqzz0495gg40000gq/T/AppTranslocation/4CBD1C0D-0AD1-453E-8626-BC7EC180C708/d/FreedomStudio.app/Contents/Eclipse/SiFive/riscv64-unknown-elf-gcc-8.3.0-2020.04.1/bin/../lib/gcc/riscv64-unknown-elf/8.3.0/../../../../riscv64-unknown-elf/lib/rv32imac/ilp32/libc_nano.a(lib_a-puts.o) (__swsetup_r)
/private/var/folders/fn/c320ylh162n58sqzz0495gg40000gq/T/AppTranslocation/4CBD1C0D-0AD1-453E-8626-BC7EC180C708/d/FreedomStudio.app/Contents/Eclipse/SiFive/riscv64-unknown-elf-gcc-8.3.0-2020.04.1/bin/../lib/gcc/riscv64-unknown-elf/8.3.0/../../../../riscv64-unknown-elf/lib/rv32imac/ilp32/libc_nano.a(lib_a-fflush.o)
                              /private/var/folders/fn/c320ylh162n58sqzz0495gg40000gq/T/AppTranslocation/4CBD1C0D-0AD1-453E-8626-BC7EC180C708/d/FreedomStudio.app/Contents/Eclipse/SiFive/riscv64-unknown-elf-gcc-8.3.0-2020.04.1/bin/../lib/gcc/riscv64-unknown-elf/8.3.0/../../../../riscv64-unknown-elf/lib/rv32imac/ilp32/libc_nano.a(lib_a-wbuf.o) (_fflush_r)
/private/var/folders/fn/c320ylh162n58sqzz0495gg40000gq/T/AppTranslocation/4CBD1C0D-0AD1-453E-8626-BC7EC180C708/d/FreedomStudio.app/Contents/Eclipse/SiFive/riscv64-unknown-elf-gcc-8.3.0-2020.04.1/bin/../lib/gcc/riscv64-unknown-elf/8.3.0/../../../../riscv64-unknown-elf/lib/rv32imac/ilp32/libc_nano.a(lib_a-findfp.o)
                              /private/var/folders/fn/c320ylh162n58sqzz0495gg40000gq/T/AppTranslocation/4CBD1C0D-0AD1-453E-8626-BC7EC180C708/d/FreedomStudio.app/Contents/Eclipse/SiFive/riscv64-unknown-elf-gcc-8.3.0-2020.04.1/bin/../lib/gcc/riscv64-unknown-elf/8.3.0/../../../../riscv64-unknown-elf/lib/rv32imac/ilp32/libc_nano.a(lib_a-printf.o) (__sinit)
/private/var/folders/fn/c320ylh162n58sqzz0495gg40000gq/T/AppTranslocation/4CBD1C0D-0AD1-453E-8626-BC7EC180C708/d/FreedomStudio.app/Contents/Eclipse/SiFive/riscv64-unknown-elf-gcc-8.3.0-2020.04.1/bin/../lib/gcc/riscv64-unknown-elf/8.3.0/../../../../riscv64-unknown-elf/lib/rv32imac/ilp32/libc_nano.a(lib_a-fwalk.o)
                              /private/var/folders/fn/c320ylh162n58sqzz0495gg40000gq/T/AppTranslocation/4CBD1C0D-0AD1-453E-8626-BC7EC180C708/d/FreedomStudio.app/Contents/Eclipse/SiFive/riscv64-unknown-elf-gcc-8.3.0-2020.04.1/bin/../lib/gcc/riscv64-unknown-elf/8.3.0/../../../../riscv64-unknown-elf/lib/rv32imac/ilp32/libc_nano.a(lib_a-findfp.o) (_fwalk)
/private/var/folders/fn/c320ylh162n58sqzz0495gg40000gq/T/AppTranslocation/4CBD1C0D-0AD1-453E-8626-BC7EC180C708/d/FreedomStudio.app/Contents/Eclipse/SiFive/riscv64-unknown-elf-gcc-8.3.0-2020.04.1/bin/../lib/gcc/riscv64-unknown-elf/8.3.0/../../../../riscv64-unknown-elf/lib/rv32imac/ilp32/libc_nano.a(lib_a-impure.o)
                              /private/var/folders/fn/c320ylh162n58sqzz0495gg40000gq/T/AppTranslocation/4CBD1C0D-0AD1-453E-8626-BC7EC180C708/d/FreedomStudio.app/Contents/Eclipse/SiFive/riscv64-unknown-elf-gcc-8.3.0-2020.04.1/bin/../lib/gcc/riscv64-unknown-elf/8.3.0/../../../../riscv64-unknown-elf/lib/rv32imac/ilp32/libc_nano.a(lib_a-fflush.o) (_global_impure_ptr)
[...]
Memory Configuration

Name             Origin             Length             Attributes
itim             0x0000000008000000 0x0000000000002000 axrwl
ram              0x0000000080000000 0x0000000000004000 arw !xl
rom              0x0000000020010000 0x000000000006a120 xrl !aw
*default*        0x0000000000000000 0xffffffffffffffff

Linker script and memory map

LOAD /var/folders/fn/c320ylh162n58sqzz0495gg40000gq/T//ccU2zHRc.o
LOAD /var/folders/fn/c320ylh162n58sqzz0495gg40000gq/T//ccbtUxfF.o
LOAD /var/folders/fn/c320ylh162n58sqzz0495gg40000gq/T//ccQUEd1l.o
LOAD /var/folders/fn/c320ylh162n58sqzz0495gg40000gq/T//ccqKsmLS.o
LOAD /var/folders/fn/c320ylh162n58sqzz0495gg40000gq/T//ccQixoJb.o
LOAD /var/folders/fn/c320ylh162n58sqzz0495gg40000gq/T//ccq0GM8k.o
LOAD /var/folders/fn/c320ylh162n58sqzz0495gg40000gq/T//ccPvsa6t.o
LOAD /var/folders/fn/c320ylh162n58sqzz0495gg40000gq/T//cc6STw38.o
LOAD /var/folders/fn/c320ylh162n58sqzz0495gg40000gq/T//ccBh83mN.o
LOAD /var/folders/fn/c320ylh162n58sqzz0495gg40000gq/T//ccJ6jCYJ.o
LOAD /var/folders/fn/c320ylh162n58sqzz0495gg40000gq/T//ccqIhgJX.o
LOAD /var/folders/fn/c320ylh162n58sqzz0495gg40000gq/T//ccqDDr3o.o
START GROUP
LOAD /private/var/folders/fn/c320ylh162n58sqzz0495gg40000gq/T/AppTranslocation/4CBD1C0D-0AD1-453E-8626-BC7EC180C708/d/FreedomStudio.app/Contents/Eclipse/SiFive/riscv64-unknown-elf-gcc-8.3.0-2020.04.1/bin/../lib/gcc/riscv64-unknown-elf/8.3.0/../../../../riscv64-unknown-elf/lib/rv32imac/ilp32/libc_nano.a
LOAD /private/var/folders/fn/c320ylh162n58sqzz0495gg40000gq/T/AppTranslocation/4CBD1C0D-0AD1-453E-8626-BC7EC180C708/d/FreedomStudio.app/Contents/Eclipse/SiFive/riscv64-unknown-elf-gcc-8.3.0-2020.04.1/bin/../lib/gcc/riscv64-unknown-elf/8.3.0/rv32imac/ilp32/libgcc.a
LOAD /private/var/folders/fn/c320ylh162n58sqzz0495gg40000gq/T/AppTranslocation/4CBD1C0D-0AD1-453E-8626-BC7EC180C708/d/FreedomStudio.app/Contents/Eclipse/SiFive/riscv64-unknown-elf-gcc-8.3.0-2020.04.1/bin/../lib/gcc/riscv64-unknown-elf/8.3.0/../../../../riscv64-unknown-elf/lib/rv32imac/ilp32/libm.a
LOAD /Users/neel123/wsFreedomStudio/sifive_hifive1_revb_example_i2c/bsp/install/lib/debug//libmetal.a
LOAD /Users/neel123/wsFreedomStudio/sifive_hifive1_revb_example_i2c/bsp/install/lib/debug//libmetal-gloss.a
END GROUP
                0x0000000000000400                __stack_size = DEFINED (__stack_size)?__stack_size:0x400
                [!provide]                        PROVIDE (__stack_size = __stack_size)
                0x0000000000000800                __heap_size = DEFINED (__heap_size)?__heap_size:0x800
                0x0000000000000000                PROVIDE (__metal_boot_hart = 0x0)
                0x0000000000000001                PROVIDE (__metal_chicken_bit = 0x1)
                0x0000000000000000                PROVIDE (__metal_eccscrub_bit = 0x0)
                0x0000000080000000                PROVIDE (metal_dtim_0_memory_start = 0x80000000)
                0x0000000080004000                PROVIDE (metal_dtim_0_memory_end = 0x80004000)
                0x0000000008000000                PROVIDE (metal_itim_0_memory_start = 0x8000000)
                0x0000000008002000                PROVIDE (metal_itim_0_memory_end = 0x8002000)

.init           0x0000000020010000      0x2ca
 *(.text.metal.init.enter)
 .text.metal.init.enter
                0x0000000020010000       0x90 /Users/neel123/wsFreedomStudio/sifive_hifive1_revb_example_i2c/bsp/install/lib/debug//libmetal.a(entry.o)
                0x0000000020010000                _enter
 *(.text.metal.init.*)
 .text.metal.init.__register_frame_info
                0x0000000020010090        0x2 /Users/neel123/wsFreedomStudio/sifive_hifive1_revb_example_i2c/bsp/install/lib/debug//libmetal.a(entry.o)
                0x0000000020010090                __register_frame_info
 .text.metal.init.scrub
                0x0000000020010092       0xe4 /Users/neel123/wsFreedomStudio/sifive_hifive1_revb_example_i2c/bsp/install/lib/debug//libmetal.a(scrub.o)
                0x000000002001009e                __metal_before_start
 *fill*         0x0000000020010176        0x2 
 .text.metal.init.trapvec
                0x0000000020010178        0xe /Users/neel123/wsFreedomStudio/sifive_hifive1_revb_example_i2c/bsp/install/lib/debug//libmetal.a(trap.o)
                0x0000000020010178                early_trap_vector
 *(SORT_NONE(.init))
 .init          0x0000000020010186        0xe /Users/neel123/wsFreedomStudio/sifive_hifive1_revb_example_i2c/bsp/install/lib/debug//libmetal.a(synchronize_harts.o)
                0x0000000020010186                __metal_synchronize_harts
 *(.text.libgloss.start)
 .text.libgloss.start
                0x0000000020010194      0x136 /Users/neel123/wsFreedomStudio/sifive_hifive1_revb_example_i2c/bsp/install/lib/debug//libmetal-gloss.a(crt0.o)
                0x0000000020010194                _start
                0x00000000200102a8                _init
                0x00000000200102a8                _fini
                0x00000000200102aa                secondary_main

.fini
 *(SORT_NONE(.fini))

.preinit_array  0x00000000200102d0        0x0
                0x00000000200102d0                PROVIDE (__preinit_array_start = .)
 *(.preinit_array)
                0x00000000200102d0                PROVIDE (__preinit_array_end = .)

.init_array     0x00000000200102d0        0xc
                0x00000000200102d0                PROVIDE (__init_array_start = .)
 *(SORT_BY_INIT_PRIORITY(.init_array.*) SORT_BY_INIT_PRIORITY(.ctors.*))
 *(.init_array EXCLUDE_FILE(*crtend?.o *crtend.o *crtbegin?.o *crtbegin.o) .ctors)
                0x00000000200102d0                PROVIDE (__init_array_end = .)
                0x00000000200102d0                PROVIDE (metal_constructors_start = .)
 *(SORT_BY_INIT_PRIORITY(.metal.init_array.*))
 .metal.init_array.5000
                0x00000000200102d0        0x8 /Users/neel123/wsFreedomStudio/sifive_hifive1_revb_example_i2c/bsp/install/lib/debug//libmetal.a(sifive_fe310-g000_pll.o)
                0x00000000200102d0                _metal_sifive_fe310_g000_pll_init_ptr
                0x00000000200102d4                _use_hfxosc_ptr
 .metal.init_array.5000
                0x00000000200102d8        0x4 /Users/neel123/wsFreedomStudio/sifive_hifive1_revb_example_i2c/bsp/install/lib/debug//libmetal.a(tty.o)
                0x00000000200102d8                _metal_tty_init_ptr
 *(.metal.init_array)
                0x00000000200102dc                PROVIDE (metal_constructors_end = .)

.fini_array     0x00000000200102e0        0x0
                0x00000000200102e0                PROVIDE (__fini_array_start = .)
 *(SORT_BY_INIT_PRIORITY(.fini_array.*) SORT_BY_INIT_PRIORITY(.dtors.*))
 *(.fini_array EXCLUDE_FILE(*crtend?.o *crtend.o *crtbegin?.o *crtbegin.o) .dtors)
                0x00000000200102e0                PROVIDE (__fini_array_end = .)
                0x00000000200102e0                PROVIDE (metal_destructors_start = .)
 *(SORT_BY_INIT_PRIORITY(.metal.fini_array.*))
 *(.metal.fini_array)
                0x00000000200102e0                PROVIDE (metal_destructors_end = .)

.ctors          0x00000000200102dc       0x7a
 *crtbegin.o(.ctors)
 *crtbegin?.o(.ctors)
 *(EXCLUDE_FILE(*crtend?.o *crtend.o) .ctors)
 *(SORT_BY_NAME(.ctors.*))
 *(.ctors)
 *(.metal.ctors .metal.ctors.*)
 .metal.ctors   0x00000000200102dc       0x56 /Users/neel123/wsFreedomStudio/sifive_hifive1_revb_example_i2c/bsp/install/lib/debug//libmetal.a(sifive_fe310-g000_pll.o)
                0x00000000200102dc                metal_sifive_fe310_g000_pll_init
                0x0000000020010308                use_hfxosc
 .metal.ctors   0x0000000020010332       0x24 /Users/neel123/wsFreedomStudio/sifive_hifive1_revb_example_i2c/bsp/install/lib/debug//libmetal.a(tty.o)
                0x0000000020010332                metal_tty_init

.dtors
 *crtbegin.o(.dtors)
 *crtbegin?.o(.dtors)
 *(EXCLUDE_FILE(*crtend?.o *crtend.o) .dtors)
 *(SORT_BY_NAME(.dtors.*))
 *(.dtors)
 *(.metal.dtors .metal.dtors.*)

.rodata         0x0000000020010358     0x14f0
 *(.rdata)
 *(.rodata .rodata.*)
 .rodata        0x0000000020010358       0x6c /var/folders/fn/c320ylh162n58sqzz0495gg40000gq/T//ccbtUxfF.o
 .rodata        0x00000000200103c4       0x28 /var/folders/fn/c320ylh162n58sqzz0495gg40000gq/T//ccQUEd1l.o
 .rodata        0x00000000200103ec        0x8 /var/folders/fn/c320ylh162n58sqzz0495gg40000gq/T//ccqKsmLS.o
 .rodata        0x00000000200103f4        0x8 /var/folders/fn/c320ylh162n58sqzz0495gg40000gq/T//ccQixoJb.o
 .rodata.north_arrow
                0x00000000200103fc       0x12 /var/folders/fn/c320ylh162n58sqzz0495gg40000gq/T//ccq0GM8k.o
 *fill*         0x000000002001040e        0x2 
 .rodata.northeast_arrow
                0x0000000020010410       0x12 /var/folders/fn/c320ylh162n58sqzz0495gg40000gq/T//ccq0GM8k.o
 *fill*         0x0000000020010422        0x2 
 .rodata.east_arrow
                0x0000000020010424       0x12 /var/folders/fn/c320ylh162n58sqzz0495gg40000gq/T//ccq0GM8k.o
 *fill*         0x0000000020010436        0x2 
 .rodata.southeast_arrow
                0x0000000020010438       0x12 /var/folders/fn/c320ylh162n58sqzz0495gg40000gq/T//ccq0GM8k.o
 *fill*         0x000000002001044a        0x2 
 .rodata.south_arrow
                0x000000002001044c       0x12 /var/folders/fn/c320ylh162n58sqzz0495gg40000gq/T//ccq0GM8k.o
 *fill*         0x000000002001045e        0x2 
 .rodata.southwest_arrow
                0x0000000020010460       0x12 /var/folders/fn/c320ylh162n58sqzz0495gg40000gq/T//ccq0GM8k.o
 *fill*         0x0000000020010472        0x2 
 .rodata.west_arrow
                0x0000000020010474       0x12 /var/folders/fn/c320ylh162n58sqzz0495gg40000gq/T//ccq0GM8k.o
 *fill*         0x0000000020010486        0x2 
 .rodata.northwest_arrow
                0x0000000020010488       0x12 /var/folders/fn/c320ylh162n58sqzz0495gg40000gq/T//ccq0GM8k.o
 *fill*         0x000000002001049a        0x2 
 .rodata        0x000000002001049c       0x30 /var/folders/fn/c320ylh162n58sqzz0495gg40000gq/T//ccBh83mN.o
 .rodata        0x00000000200104cc       0x68 /var/folders/fn/c320ylh162n58sqzz0495gg40000gq/T//ccqIhgJX.o
 .rodata        0x0000000020010534       0x33 /var/folders/fn/c320ylh162n58sqzz0495gg40000gq/T//ccqDDr3o.o
 *fill*         0x0000000020010567        0x1 
 .rodata.__sf_fake_stderr
                0x0000000020010568       0x20 /private/var/folders/fn/c320ylh162n58sqzz0495gg40000gq/T/AppTranslocation/4CBD1C0D-0AD1-453E-8626-BC7EC180C708/d/FreedomStudio.app/Contents/Eclipse/SiFive/riscv64-unknown-elf-gcc-8.3.0-2020.04.1/bin/../lib/gcc/riscv64-unknown-elf/8.3.0/../../../../riscv64-unknown-elf/lib/rv32imac/ilp32/libc_nano.a(lib_a-findfp.o)
                0x0000000020010568                __sf_fake_stderr
 .rodata.__sf_fake_stdin
                0x0000000020010588       0x20 /private/var/folders/fn/c320ylh162n58sqzz0495gg40000gq/T/AppTranslocation/4CBD1C0D-0AD1-453E-8626-BC7EC180C708/d/FreedomStudio.app/Contents/Eclipse/SiFive/riscv64-unknown-elf-gcc-8.3.0-2020.04.1/bin/../lib/gcc/riscv64-unknown-elf/8.3.0/../../../../riscv64-unknown-elf/lib/rv32imac/ilp32/libc_nano.a(lib_a-findfp.o)
                0x0000000020010588                __sf_fake_stdin
 .rodata.__sf_fake_stdout
                0x00000000200105a8       0x20 /private/var/folders/fn/c320ylh162n58sqzz0495gg40000gq/T/AppTranslocation/4CBD1C0D-0AD1-453E-8626-BC7EC180C708/d/FreedomStudio.app/Contents/Eclipse/SiFive/riscv64-unknown-elf-gcc-8.3.0-2020.04.1/bin/../lib/gcc/riscv64-unknown-elf/8.3.0/../../../../riscv64-unknown-elf/lib/rv32imac/ilp32/libc_nano.a(lib_a-findfp.o)
                0x00000000200105a8                __sf_fake_stdout
 .rodata._vfprintf_r.str1.4
                0x00000000200105c8       0x13 /private/var/folders/fn/c320ylh162n58sqzz0495gg40000gq/T/AppTranslocation/4CBD1C0D-0AD1-453E-8626-BC7EC180C708/d/FreedomStudio.app/Contents/Eclipse/SiFive/riscv64-unknown-elf-gcc-8.3.0-2020.04.1/bin/../lib/gcc/riscv64-unknown-elf/8.3.0/../../../../riscv64-unknown-elf/lib/rv32imac/ilp32/libc_nano.a(lib_a-nano-vfprintf.o)
 *fill*         0x00000000200105db        0x1 
 .rodata._printf_i.str1.4
                0x00000000200105dc       0x28 /private/var/folders/fn/c320ylh162n58sqzz0495gg40000gq/T/AppTranslocation/4CBD1C0D-0AD1-453E-8626-BC7EC180C708/d/FreedomStudio.app/Contents/Eclipse/SiFive/riscv64-unknown-elf-gcc-8.3.0-2020.04.1/bin/../lib/gcc/riscv64-unknown-elf/8.3.0/../../../../riscv64-unknown-elf/lib/rv32imac/ilp32/libc_nano.a(lib_a-nano-vfprintf_i.o)
                                         0x25 (size before relaxing)
 .rodata        0x0000000020010604       0x3c /private/var/folders/fn/c320ylh162n58sqzz0495gg40000gq/T/AppTranslocation/4CBD1C0D-0AD1-453E-8626-BC7EC180C708/d/FreedomStudio.app/Contents/Eclipse/SiFive/riscv64-unknown-elf-gcc-8.3.0-2020.04.1/bin/../lib/gcc/riscv64-unknown-elf/8.3.0/rv32imac/ilp32/libgcc.a(divdf3.o)
 .rodata        0x0000000020010640       0x3c /private/var/folders/fn/c320ylh162n58sqzz0495gg40000gq/T/AppTranslocation/4CBD1C0D-0AD1-453E-8626-BC7EC180C708/d/FreedomStudio.app/Contents/Eclipse/SiFive/riscv64-unknown-elf-gcc-8.3.0-2020.04.1/bin/../lib/gcc/riscv64-unknown-elf/8.3.0/rv32imac/ilp32/libgcc.a(divsf3.o)
 .rodata        0x000000002001067c       0x3c /private/var/folders/fn/c320ylh162n58sqzz0495gg40000gq/T/AppTranslocation/4CBD1C0D-0AD1-453E-8626-BC7EC180C708/d/FreedomStudio.app/Contents/Eclipse/SiFive/riscv64-unknown-elf-gcc-8.3.0-2020.04.1/bin/../lib/gcc/riscv64-unknown-elf/8.3.0/rv32imac/ilp32/libgcc.a(mulsf3.o)
 .rodata        0x00000000200106b8      0x100 /private/var/folders/fn/c320ylh162n58sqzz0495gg40000gq/T/AppTranslocation/4CBD1C0D-0AD1-453E-8626-BC7EC180C708/d/FreedomStudio.app/Contents/Eclipse/SiFive/riscv64-unknown-elf-gcc-8.3.0-2020.04.1/bin/../lib/gcc/riscv64-unknown-elf/8.3.0/rv32imac/ilp32/libgcc.a(_clz.o)
                0x00000000200106b8                __clz_tab
 .rodata        0x00000000200107b8      0x398 /private/var/folders/fn/c320ylh162n58sqzz0495gg40000gq/T/AppTranslocation/4CBD1C0D-0AD1-453E-8626-BC7EC180C708/d/FreedomStudio.app/Contents/Eclipse/SiFive/riscv64-unknown-elf-gcc-8.3.0-2020.04.1/bin/../lib/gcc/riscv64-unknown-elf/8.3.0/../../../../riscv64-unknown-elf/lib/rv32imac/ilp32/libm.a(lib_a-ef_rem_pio2.o)
 .rodata        0x0000000020010b50       0x38 /private/var/folders/fn/c320ylh162n58sqzz0495gg40000gq/T/AppTranslocation/4CBD1C0D-0AD1-453E-8626-BC7EC180C708/d/FreedomStudio.app/Contents/Eclipse/SiFive/riscv64-unknown-elf-gcc-8.3.0-2020.04.1/bin/../lib/gcc/riscv64-unknown-elf/8.3.0/../../../../riscv64-unknown-elf/lib/rv32imac/ilp32/libm.a(lib_a-kf_rem_pio2.o)
 .rodata        0x0000000020010b88       0x20 /private/var/folders/fn/c320ylh162n58sqzz0495gg40000gq/T/AppTranslocation/4CBD1C0D-0AD1-453E-8626-BC7EC180C708/d/FreedomStudio.app/Contents/Eclipse/SiFive/riscv64-unknown-elf-gcc-8.3.0-2020.04.1/bin/../lib/gcc/riscv64-unknown-elf/8.3.0/../../../../riscv64-unknown-elf/lib/rv32imac/ilp32/libm.a(lib_a-sf_atan.o)
 .rodata.__metal_driver_vtable_riscv_clint0
                0x0000000020010ba8       0x64 /Users/neel123/wsFreedomStudio/sifive_hifive1_revb_example_i2c/bsp/install/lib/debug//libmetal.a(riscv_clint0.o)
                0x0000000020010ba8                __metal_driver_vtable_riscv_clint0
 .rodata.__metal_controller_interrupt_vector
                0x0000000020010c0c       0x14 /Users/neel123/wsFreedomStudio/sifive_hifive1_revb_example_i2c/bsp/install/lib/debug//libmetal.a(riscv_cpu.o)
 .rodata.__metal_local_interrupt_enable
                0x0000000020010c20       0x80 /Users/neel123/wsFreedomStudio/sifive_hifive1_revb_example_i2c/bsp/install/lib/debug//libmetal.a(riscv_cpu.o)
 .rodata.__metal_driver_vtable_riscv_cpu_intc
                0x0000000020010ca0       0x64 /Users/neel123/wsFreedomStudio/sifive_hifive1_revb_example_i2c/bsp/install/lib/debug//libmetal.a(riscv_cpu.o)
                0x0000000020010ca0                __metal_driver_vtable_riscv_cpu_intc
 .rodata.__metal_driver_vtable_cpu
                0x0000000020010d04       0x44 /Users/neel123/wsFreedomStudio/sifive_hifive1_revb_example_i2c/bsp/install/lib/debug//libmetal.a(riscv_cpu.o)
                0x0000000020010d04                __metal_driver_vtable_cpu
 .rodata.__metal_driver_vtable_riscv_plic0
                0x0000000020010d48       0x64 /Users/neel123/wsFreedomStudio/sifive_hifive1_revb_example_i2c/bsp/install/lib/debug//libmetal.a(riscv_plic0.o)
                0x0000000020010d48                __metal_driver_vtable_riscv_plic0
 .rodata.pll_configs
                0x0000000020010dac      0x880 /Users/neel123/wsFreedomStudio/sifive_hifive1_revb_example_i2c/bsp/install/lib/debug//libmetal.a(sifive_fe310-g000_pll.o)
 .rodata.__metal_driver_vtable_sifive_fe310_g000_pll
                0x000000002001162c        0xc /Users/neel123/wsFreedomStudio/sifive_hifive1_revb_example_i2c/bsp/install/lib/debug//libmetal.a(sifive_fe310-g000_pll.o)
                0x000000002001162c                __metal_driver_vtable_sifive_fe310_g000_pll
 .rodata.__metal_driver_sifive_gpio0_config_int
                0x0000000020011638       0x20 /Users/neel123/wsFreedomStudio/sifive_hifive1_revb_example_i2c/bsp/install/lib/debug//libmetal.a(sifive_gpio0.o)
 .rodata.__metal_driver_sifive_gpio0_clear_int
                0x0000000020011658       0x20 /Users/neel123/wsFreedomStudio/sifive_hifive1_revb_example_i2c/bsp/install/lib/debug//libmetal.a(sifive_gpio0.o)
 .rodata.__metal_driver_vtable_sifive_gpio0
                0x0000000020011678       0x3c /Users/neel123/wsFreedomStudio/sifive_hifive1_revb_example_i2c/bsp/install/lib/debug//libmetal.a(sifive_gpio0.o)
                0x0000000020011678                __metal_driver_vtable_sifive_gpio0
 .rodata.__metal_driver_vtable_sifive_i2c0
                0x00000000200116b4       0x18 /Users/neel123/wsFreedomStudio/sifive_hifive1_revb_example_i2c/bsp/install/lib/debug//libmetal.a(sifive_i2c0.o)
                0x00000000200116b4                __metal_driver_vtable_sifive_i2c0
 .rodata.__metal_driver_vtable_sifive_uart0
                0x00000000200116cc       0x40 /Users/neel123/wsFreedomStudio/sifive_hifive1_revb_example_i2c/bsp/install/lib/debug//libmetal.a(sifive_uart0.o)
                0x00000000200116cc                __metal_driver_vtable_sifive_uart0
 .rodata.libgloss.start
                0x000000002001170c       0x11 /Users/neel123/wsFreedomStudio/sifive_hifive1_revb_example_i2c/bsp/install/lib/debug//libmetal-gloss.a(crt0.o)
 *fill*         0x000000002001171d        0x3 
 .rodata        0x0000000020011720       0x3c /private/var/folders/fn/c320ylh162n58sqzz0495gg40000gq/T/AppTranslocation/4CBD1C0D-0AD1-453E-8626-BC7EC180C708/d/FreedomStudio.app/Contents/Eclipse/SiFive/riscv64-unknown-elf-gcc-8.3.0-2020.04.1/bin/../lib/gcc/riscv64-unknown-elf/8.3.0/rv32imac/ilp32/libgcc.a(muldf3.o)
 *(.gnu.linkonce.r.*)
                0x0000000020011760                . = ALIGN (0x8)
 *fill*         0x000000002001175c        0x4 
 *(.srodata.cst16)
 *(.srodata.cst8)
 *(.srodata.cst4)
 .srodata.cst4  0x0000000020011760       0x28 /private/var/folders/fn/c320ylh162n58sqzz0495gg40000gq/T/AppTranslocation/4CBD1C0D-0AD1-453E-8626-BC7EC180C708/d/FreedomStudio.app/Contents/Eclipse/SiFive/riscv64-unknown-elf-gcc-8.3.0-2020.04.1/bin/../lib/gcc/riscv64-unknown-elf/8.3.0/../../../../riscv64-unknown-elf/lib/rv32imac/ilp32/libm.a(lib_a-ef_atan2.o)
 .srodata.cst4  0x0000000020011788       0x24 /private/var/folders/fn/c320ylh162n58sqzz0495gg40000gq/T/AppTranslocation/4CBD1C0D-0AD1-453E-8626-BC7EC180C708/d/FreedomStudio.app/Contents/Eclipse/SiFive/riscv64-unknown-elf-gcc-8.3.0-2020.04.1/bin/../lib/gcc/riscv64-unknown-elf/8.3.0/../../../../riscv64-unknown-elf/lib/rv32imac/ilp32/libm.a(lib_a-ef_rem_pio2.o)
 .srodata.cst4  0x00000000200117ac       0x24 /private/var/folders/fn/c320ylh162n58sqzz0495gg40000gq/T/AppTranslocation/4CBD1C0D-0AD1-453E-8626-BC7EC180C708/d/FreedomStudio.app/Contents/Eclipse/SiFive/riscv64-unknown-elf-gcc-8.3.0-2020.04.1/bin/../lib/gcc/riscv64-unknown-elf/8.3.0/../../../../riscv64-unknown-elf/lib/rv32imac/ilp32/libm.a(lib_a-kf_cos.o)
                                         0x28 (size before relaxing)
 .srodata.cst4  0x00000000200117d0       0x10 /private/var/folders/fn/c320ylh162n58sqzz0495gg40000gq/T/AppTranslocation/4CBD1C0D-0AD1-453E-8626-BC7EC180C708/d/FreedomStudio.app/Contents/Eclipse/SiFive/riscv64-unknown-elf-gcc-8.3.0-2020.04.1/bin/../lib/gcc/riscv64-unknown-elf/8.3.0/../../../../riscv64-unknown-elf/lib/rv32imac/ilp32/libm.a(lib_a-kf_rem_pio2.o)
                                         0x1c (size before relaxing)
 .srodata.cst4  0x00000000200117e0       0x18 /private/var/folders/fn/c320ylh162n58sqzz0495gg40000gq/T/AppTranslocation/4CBD1C0D-0AD1-453E-8626-BC7EC180C708/d/FreedomStudio.app/Contents/Eclipse/SiFive/riscv64-unknown-elf-gcc-8.3.0-2020.04.1/bin/../lib/gcc/riscv64-unknown-elf/8.3.0/../../../../riscv64-unknown-elf/lib/rv32imac/ilp32/libm.a(lib_a-kf_sin.o)
                                         0x1c (size before relaxing)
 .srodata.cst4  0x00000000200117f8       0x3c /private/var/folders/fn/c320ylh162n58sqzz0495gg40000gq/T/AppTranslocation/4CBD1C0D-0AD1-453E-8626-BC7EC180C708/d/FreedomStudio.app/Contents/Eclipse/SiFive/riscv64-unknown-elf-gcc-8.3.0-2020.04.1/bin/../lib/gcc/riscv64-unknown-elf/8.3.0/../../../../riscv64-unknown-elf/lib/rv32imac/ilp32/libm.a(lib_a-sf_atan.o)
                                         0x48 (size before relaxing)
 .srodata.cst4  0x0000000020011834        0x8 /private/var/folders/fn/c320ylh162n58sqzz0495gg40000gq/T/AppTranslocation/4CBD1C0D-0AD1-453E-8626-BC7EC180C708/d/FreedomStudio.app/Contents/Eclipse/SiFive/riscv64-unknown-elf-gcc-8.3.0-2020.04.1/bin/../lib/gcc/riscv64-unknown-elf/8.3.0/../../../../riscv64-unknown-elf/lib/rv32imac/ilp32/libm.a(lib_a-sf_floor.o)
 .srodata.cst4  0x0000000020011834       0x14 /private/var/folders/fn/c320ylh162n58sqzz0495gg40000gq/T/AppTranslocation/4CBD1C0D-0AD1-453E-8626-BC7EC180C708/d/FreedomStudio.app/Contents/Eclipse/SiFive/riscv64-unknown-elf-gcc-8.3.0-2020.04.1/bin/../lib/gcc/riscv64-unknown-elf/8.3.0/../../../../riscv64-unknown-elf/lib/rv32imac/ilp32/libm.a(lib_a-sf_scalbn.o)
                                         0x18 (size before relaxing)
 *(.srodata.cst2)
 *(.srodata .srodata.*)

.itim           0x0000000008000000        0x0 load address 0x0000000020011848
 *(.itim .itim.*)
                0x0000000020011848                PROVIDE (metal_segment_itim_source_start = LOADADDR (.itim))
                0x0000000008000000                PROVIDE (metal_segment_itim_target_start = ADDR (.itim))
                0x0000000008000000                PROVIDE (metal_segment_itim_target_end = (ADDR (.itim) + SIZEOF (.itim)))

.text           0x0000000020011880     0xd74c
 *(.text.unlikely .text.unlikely.*)
 *(.text.startup .text.startup.*)
 *(.text .text.*)
 .text.temperature_init
                0x0000000020011880       0x2a /var/folders/fn/c320ylh162n58sqzz0495gg40000gq/T//ccU2zHRc.o
                0x0000000020011880                temperature_init
 .text.temperature_read
                0x00000000200118aa       0x64 /var/folders/fn/c320ylh162n58sqzz0495gg40000gq/T//ccU2zHRc.o
                0x00000000200118aa                temperature_read
 .text.float_to_q8_7
                0x000000002001190e       0x7a /var/folders/fn/c320ylh162n58sqzz0495gg40000gq/T//ccbtUxfF.o
 .text.q8_7_to_float
                0x0000000020011988       0x34 /var/folders/fn/c320ylh162n58sqzz0495gg40000gq/T//ccbtUxfF.o
 .text.magnetometer_init
                0x00000000200119bc       0x2c /var/folders/fn/c320ylh162n58sqzz0495gg40000gq/T//ccbtUxfF.o
                0x00000000200119bc                magnetometer_init
 .text.magnetometer_read
                0x00000000200119e8      0x16e /var/folders/fn/c320ylh162n58sqzz0495gg40000gq/T//ccbtUxfF.o
                0x00000000200119e8                magnetometer_read
 .text.magnetometer_angle
                0x0000000020011b56      0x452 /var/folders/fn/c320ylh162n58sqzz0495gg40000gq/T//ccbtUxfF.o
                0x0000000020011b56                magnetometer_angle
 .text.reset_calibration
                0x0000000020011fa8       0x48 /var/folders/fn/c320ylh162n58sqzz0495gg40000gq/T//ccbtUxfF.o
                0x0000000020011fa8                reset_calibration
 .text.calibrate_magnetometer
                0x0000000020011ff0       0x52 /var/folders/fn/c320ylh162n58sqzz0495gg40000gq/T//ccbtUxfF.o
                0x0000000020011ff0                calibrate_magnetometer
 .text.calibrate_raw_data
                0x0000000020012042      0x172 /var/folders/fn/c320ylh162n58sqzz0495gg40000gq/T//ccbtUxfF.o
                0x0000000020012042                calibrate_raw_data
 .text.light_sensor_init
                0x00000000200121b4       0x42 /var/folders/fn/c320ylh162n58sqzz0495gg40000gq/T//ccQUEd1l.o
                0x00000000200121b4                light_sensor_init
 .text.light_sensor_read
                0x00000000200121f6      0x15a /var/folders/fn/c320ylh162n58sqzz0495gg40000gq/T//ccQUEd1l.o
                0x00000000200121f6                light_sensor_read
 .text.light_lux
                0x0000000020012350      0x110 /var/folders/fn/c320ylh162n58sqzz0495gg40000gq/T//ccQUEd1l.o
                0x0000000020012350                light_lux
 .text.sensors_init
                0x0000000020012460       0x30 /var/folders/fn/c320ylh162n58sqzz0495gg40000gq/T//ccqKsmLS.o
                0x0000000020012460                sensors_init
 .text.accel_running_avg
                0x0000000020012490      0x1a0 /var/folders/fn/c320ylh162n58sqzz0495gg40000gq/T//ccqKsmLS.o
                0x0000000020012490                accel_running_avg
 .text.sensors_read
                0x0000000020012630      0x27e /var/folders/fn/c320ylh162n58sqzz0495gg40000gq/T//ccqKsmLS.o
                0x0000000020012630                sensors_read
 .text.accelerometer_init
                0x00000000200128ae       0x3a /var/folders/fn/c320ylh162n58sqzz0495gg40000gq/T//ccQixoJb.o
                0x00000000200128ae                accelerometer_init
 .text.accelerometer_read
                0x00000000200128e8      0x15e /var/folders/fn/c320ylh162n58sqzz0495gg40000gq/T//ccQixoJb.o
                0x00000000200128e8                accelerometer_read
 .text.get_arrow_point_count
                0x0000000020012a46       0x20 /var/folders/fn/c320ylh162n58sqzz0495gg40000gq/T//ccq0GM8k.o
                0x0000000020012a46                get_arrow_point_count
 .text.get_arrow_point
                0x0000000020012a66       0x92 /var/folders/fn/c320ylh162n58sqzz0495gg40000gq/T//ccq0GM8k.o
                0x0000000020012a66                get_arrow_point
 .text.init_buttons
                0x0000000020012af8       0x44 /var/folders/fn/c320ylh162n58sqzz0495gg40000gq/T//ccPvsa6t.o
                0x0000000020012af8                init_buttons
 .text.button_a_pressed
                0x0000000020012b3c       0x30 /var/folders/fn/c320ylh162n58sqzz0495gg40000gq/T//ccPvsa6t.o
                0x0000000020012b3c                button_a_pressed
 .text.button_b_pressed
                0x0000000020012b6c       0x30 /var/folders/fn/c320ylh162n58sqzz0495gg40000gq/T//ccPvsa6t.o
                0x0000000020012b6c                button_b_pressed
 .text.handle_state
                0x0000000020012b9c       0xd0 /var/folders/fn/c320ylh162n58sqzz0495gg40000gq/T//cc6STw38.o
                0x0000000020012b9c                handle_state
 .text.disable_interrupts
                0x0000000020012c6c       0x14 /var/folders/fn/c320ylh162n58sqzz0495gg40000gq/T//ccBh83mN.o
                0x0000000020012c6c                disable_interrupts
 .text.enable_interrupts
                0x0000000020012c80       0x14 /var/folders/fn/c320ylh162n58sqzz0495gg40000gq/T//ccBh83mN.o
                0x0000000020012c80                enable_interrupts
 .text.gpio_low
                0x0000000020012c94       0x40 /var/folders/fn/c320ylh162n58sqzz0495gg40000gq/T//ccBh83mN.o
                0x0000000020012c94                gpio_low
 .text.gpio_high
                0x0000000020012cd4       0x40 /var/folders/fn/c320ylh162n58sqzz0495gg40000gq/T//ccBh83mN.o
                0x0000000020012cd4                gpio_high
 .text.gpio_direct_init
                0x0000000020012d14       0x2a /var/folders/fn/c320ylh162n58sqzz0495gg40000gq/T//ccBh83mN.o
                0x0000000020012d14                gpio_direct_init
 .text.send_bit
                0x0000000020012d3e       0x24 /var/folders/fn/c320ylh162n58sqzz0495gg40000gq/T//ccBh83mN.o
                0x0000000020012d3e                send_bit
 .text.send_byte
                0x0000000020012d62       0x52 /var/folders/fn/c320ylh162n58sqzz0495gg40000gq/T//ccBh83mN.o
                0x0000000020012d62                send_byte
 .text.send_color
                0x0000000020012db4       0x2e /var/folders/fn/c320ylh162n58sqzz0495gg40000gq/T//ccBh83mN.o
                0x0000000020012db4                send_color
 .text.clear    0x0000000020012de2       0x48 /var/folders/fn/c320ylh162n58sqzz0495gg40000gq/T//ccBh83mN.o
                0x0000000020012de2                clear
 .text.show     0x0000000020012e2a       0x76 /var/folders/fn/c320ylh162n58sqzz0495gg40000gq/T//ccBh83mN.o
                0x0000000020012e2a                show
 .text.clear_led_matrix
                0x0000000020012ea0       0x66 /var/folders/fn/c320ylh162n58sqzz0495gg40000gq/T//ccBh83mN.o
                0x0000000020012ea0                clear_led_matrix
 .text.set_pixel
                0x0000000020012f06       0x9e /var/folders/fn/c320ylh162n58sqzz0495gg40000gq/T//ccBh83mN.o
                0x0000000020012f06                set_pixel
 .text.draw_bubble
                0x0000000020012fa4       0x86 /var/folders/fn/c320ylh162n58sqzz0495gg40000gq/T//ccBh83mN.o
                0x0000000020012fa4                draw_bubble
 .text.bubble_level
                0x000000002001302a      0x282 /var/folders/fn/c320ylh162n58sqzz0495gg40000gq/T//ccBh83mN.o
                0x000000002001302a                bubble_level
 .text.compass  0x00000000200132ac       0xd6 /var/folders/fn/c320ylh162n58sqzz0495gg40000gq/T//ccBh83mN.o
                0x00000000200132ac                compass
 .text.delay_ms
                0x0000000020013382       0xda /var/folders/fn/c320ylh162n58sqzz0495gg40000gq/T//ccJ6jCYJ.o
                0x0000000020013382                delay_ms
 .text.delay_us
                0x000000002001345c       0xde /var/folders/fn/c320ylh162n58sqzz0495gg40000gq/T//ccJ6jCYJ.o
                0x000000002001345c                delay_us
 .text.init_uart
                0x000000002001353a       0x3e /var/folders/fn/c320ylh162n58sqzz0495gg40000gq/T//ccqIhgJX.o
                0x000000002001353a                init_uart
 .text.print_esp
                0x0000000020013578       0x62 /var/folders/fn/c320ylh162n58sqzz0495gg40000gq/T//ccqIhgJX.o
                0x0000000020013578                print_esp
 .text.expected_command_length
                0x00000000200135da       0x26 /var/folders/fn/c320ylh162n58sqzz0495gg40000gq/T//ccqIhgJX.o
                0x00000000200135da                expected_command_length
 .text.read_data
                0x0000000020013600       0x92 /var/folders/fn/c320ylh162n58sqzz0495gg40000gq/T//ccqIhgJX.o
                0x0000000020013600                read_data
 .text.process_command
                0x0000000020013692       0xbe /var/folders/fn/c320ylh162n58sqzz0495gg40000gq/T//ccqIhgJX.o
                0x0000000020013692                process_command
 .text.send_sensor_data
                0x0000000020013750      0x26a /var/folders/fn/c320ylh162n58sqzz0495gg40000gq/T//ccqIhgJX.o
                0x0000000020013750                send_sensor_data
 .text.init     0x00000000200139ba       0x76 /var/folders/fn/c320ylh162n58sqzz0495gg40000gq/T//ccqDDr3o.o
                0x00000000200139ba                init
 .text.main     0x0000000020013a30       0xc2 /var/folders/fn/c320ylh162n58sqzz0495gg40000gq/T//ccqDDr3o.o
                0x0000000020013a30                main
 .text.printf   0x0000000020013af2       0x40 /private/var/folders/fn/c320ylh162n58sqzz0495gg40000gq/T/AppTranslocation/4CBD1C0D-0AD1-453E-8626-BC7EC180C708/d/FreedomStudio.app/Contents/Eclipse/SiFive/riscv64-unknown-elf-gcc-8.3.0-2020.04.1/bin/../lib/gcc/riscv64-unknown-elf/8.3.0/../../../../riscv64-unknown-elf/lib/rv32imac/ilp32/libc_nano.a(lib_a-printf.o)
                0x0000000020013af2                printf
                0x0000000020013af2                iprintf
 .text._puts_r  0x0000000020013b32       0xda /private/var/folders/fn/c320ylh162n58sqzz0495gg40000gq/T/AppTranslocation/4CBD1C0D-0AD1-453E-8626-BC7EC180C708/d/FreedomStudio.app/Contents/Eclipse/SiFive/riscv64-unknown-elf-gcc-8.3.0-2020.04.1/bin/../lib/gcc/riscv64-unknown-elf/8.3.0/../../../../riscv64-unknown-elf/lib/rv32imac/ilp32/libc_nano.a(lib_a-puts.o)
                0x0000000020013b32                _puts_r
 .text.puts     0x0000000020013c0c        0xa /private/var/folders/fn/c320ylh162n58sqzz0495gg40000gq/T/AppTranslocation/4CBD1C0D-0AD1-453E-8626-BC7EC180C708/d/FreedomStudio.app/Contents/Eclipse/SiFive/riscv64-unknown-elf-gcc-8.3.0-2020.04.1/bin/../lib/gcc/riscv64-unknown-elf/8.3.0/../../../../riscv64-unknown-elf/lib/rv32imac/ilp32/libc_nano.a(lib_a-puts.o)
                0x0000000020013c0c                puts
 .text.__swbuf_r
                0x0000000020013c16       0xc0 /private/var/folders/fn/c320ylh162n58sqzz0495gg40000gq/T/AppTranslocation/4CBD1C0D-0AD1-453E-8626-BC7EC180C708/d/FreedomStudio.app/Contents/Eclipse/SiFive/riscv64-unknown-elf-gcc-8.3.0-2020.04.1/bin/../lib/gcc/riscv64-unknown-elf/8.3.0/../../../../riscv64-unknown-elf/lib/rv32imac/ilp32/libc_nano.a(lib_a-wbuf.o)
                0x0000000020013c16                __swbuf_r
 .text.__swsetup_r
                0x0000000020013cd6      0x10c /private/var/folders/fn/c320ylh162n58sqzz0495gg40000gq/T/AppTranslocation/4CBD1C0D-0AD1-453E-8626-BC7EC180C708/d/FreedomStudio.app/Contents/Eclipse/SiFive/riscv64-unknown-elf-gcc-8.3.0-2020.04.1/bin/../lib/gcc/riscv64-unknown-elf/8.3.0/../../../../riscv64-unknown-elf/lib/rv32imac/ilp32/libc_nano.a(lib_a-wsetup.o)
                0x0000000020013cd6                __swsetup_r
 .text.__sflush_r
                0x0000000020013de2      0x14a /private/var/folders/fn/c320ylh162n58sqzz0495gg40000gq/T/AppTranslocation/4CBD1C0D-0AD1-453E-8626-BC7EC180C708/d/FreedomStudio.app/Contents/Eclipse/SiFive/riscv64-unknown-elf-gcc-8.3.0-2020.04.1/bin/../lib/gcc/riscv64-unknown-elf/8.3.0/../../../../riscv64-unknown-elf/lib/rv32imac/ilp32/libc_nano.a(lib_a-fflush.o)
                0x0000000020013de2                __sflush_r
 .text._fflush_r
                0x0000000020013f2c       0x66 /private/var/folders/fn/c320ylh162n58sqzz0495gg40000gq/T/AppTranslocation/4CBD1C0D-0AD1-453E-8626-BC7EC180C708/d/FreedomStudio.app/Contents/Eclipse/SiFive/riscv64-unknown-elf-gcc-8.3.0-2020.04.1/bin/../lib/gcc/riscv64-unknown-elf/8.3.0/../../../../riscv64-unknown-elf/lib/rv32imac/ilp32/libc_nano.a(lib_a-fflush.o)
                0x0000000020013f2c                _fflush_r
 .text.std      0x0000000020013f92       0x68 /private/var/folders/fn/c320ylh162n58sqzz0495gg40000gq/T/AppTranslocation/4CBD1C0D-0AD1-453E-8626-BC7EC180C708/d/FreedomStudio.app/Contents/Eclipse/SiFive/riscv64-unknown-elf-gcc-8.3.0-2020.04.1/bin/../lib/gcc/riscv64-unknown-elf/8.3.0/../../../../riscv64-unknown-elf/lib/rv32imac/ilp32/libc_nano.a(lib_a-findfp.o)
 .text._cleanup_r
                0x0000000020013ffa        0xa /private/var/folders/fn/c320ylh162n58sqzz0495gg40000gq/T/AppTranslocation/4CBD1C0D-0AD1-453E-8626-BC7EC180C708/d/FreedomStudio.app/Contents/Eclipse/SiFive/riscv64-unknown-elf-gcc-8.3.0-2020.04.1/bin/../lib/gcc/riscv64-unknown-elf/8.3.0/../../../../riscv64-unknown-elf/lib/rv32imac/ilp32/libc_nano.a(lib_a-findfp.o)
                0x0000000020013ffa                _cleanup_r
 .text.__sfmoreglue
                0x0000000020014004       0x44 /private/var/folders/fn/c320ylh162n58sqzz0495gg40000gq/T/AppTranslocation/4CBD1C0D-0AD1-453E-8626-BC7EC180C708/d/FreedomStudio.app/Contents/Eclipse/SiFive/riscv64-unknown-elf-gcc-8.3.0-2020.04.1/bin/../lib/gcc/riscv64-unknown-elf/8.3.0/../../../../riscv64-unknown-elf/lib/rv32imac/ilp32/libc_nano.a(lib_a-findfp.o)
                0x0000000020014004                __sfmoreglue
 .text.__sinit  0x0000000020014048       0x66 /private/var/folders/fn/c320ylh162n58sqzz0495gg40000gq/T/AppTranslocation/4CBD1C0D-0AD1-453E-8626-BC7EC180C708/d/FreedomStudio.app/Contents/Eclipse/SiFive/riscv64-unknown-elf-gcc-8.3.0-2020.04.1/bin/../lib/gcc/riscv64-unknown-elf/8.3.0/../../../../riscv64-unknown-elf/lib/rv32imac/ilp32/libc_nano.a(lib_a-findfp.o)
                0x0000000020014048                __sinit
 .text.__sfp    0x00000000200140ae       0x9c /private/var/folders/fn/c320ylh162n58sqzz0495gg40000gq/T/AppTranslocation/4CBD1C0D-0AD1-453E-8626-BC7EC180C708/d/FreedomStudio.app/Contents/Eclipse/SiFive/riscv64-unknown-elf-gcc-8.3.0-2020.04.1/bin/../lib/gcc/riscv64-unknown-elf/8.3.0/../../../../riscv64-unknown-elf/lib/rv32imac/ilp32/libc_nano.a(lib_a-findfp.o)
                0x00000000200140ae                __sfp
 .text._fwalk_reent
                0x000000002001414a       0x6c /private/var/folders/fn/c320ylh162n58sqzz0495gg40000gq/T/AppTranslocation/4CBD1C0D-0AD1-453E-8626-BC7EC180C708/d/FreedomStudio.app/Contents/Eclipse/SiFive/riscv64-unknown-elf-gcc-8.3.0-2020.04.1/bin/../lib/gcc/riscv64-unknown-elf/8.3.0/../../../../riscv64-unknown-elf/lib/rv32imac/ilp32/libc_nano.a(lib_a-fwalk.o)
                0x000000002001414a                _fwalk_reent
 .text.__swhatbuf_r
                0x00000000200141b6       0x5a /private/var/folders/fn/c320ylh162n58sqzz0495gg40000gq/T/AppTranslocation/4CBD1C0D-0AD1-453E-8626-BC7EC180C708/d/FreedomStudio.app/Contents/Eclipse/SiFive/riscv64-unknown-elf-gcc-8.3.0-2020.04.1/bin/../lib/gcc/riscv64-unknown-elf/8.3.0/../../../../riscv64-unknown-elf/lib/rv32imac/ilp32/libc_nano.a(lib_a-makebuf.o)
                0x00000000200141b6                __swhatbuf_r
 .text.__smakebuf_r
                0x0000000020014210       0x9e /private/var/folders/fn/c320ylh162n58sqzz0495gg40000gq/T/AppTranslocation/4CBD1C0D-0AD1-453E-8626-BC7EC180C708/d/FreedomStudio.app/Contents/Eclipse/SiFive/riscv64-unknown-elf-gcc-8.3.0-2020.04.1/bin/../lib/gcc/riscv64-unknown-elf/8.3.0/../../../../riscv64-unknown-elf/lib/rv32imac/ilp32/libc_nano.a(lib_a-makebuf.o)
                0x0000000020014210                __smakebuf_r
 .text          0x00000000200142ae       0x10 /private/var/folders/fn/c320ylh162n58sqzz0495gg40000gq/T/AppTranslocation/4CBD1C0D-0AD1-453E-8626-BC7EC180C708/d/FreedomStudio.app/Contents/Eclipse/SiFive/riscv64-unknown-elf-gcc-8.3.0-2020.04.1/bin/../lib/gcc/riscv64-unknown-elf/8.3.0/../../../../riscv64-unknown-elf/lib/rv32imac/ilp32/libc_nano.a(lib_a-memset.o)
                0x00000000200142ae                memset
 .text._free_r  0x00000000200142be       0xa8 /private/var/folders/fn/c320ylh162n58sqzz0495gg40000gq/T/AppTranslocation/4CBD1C0D-0AD1-453E-8626-BC7EC180C708/d/FreedomStudio.app/Contents/Eclipse/SiFive/riscv64-unknown-elf-gcc-8.3.0-2020.04.1/bin/../lib/gcc/riscv64-unknown-elf/8.3.0/../../../../riscv64-unknown-elf/lib/rv32imac/ilp32/libc_nano.a(lib_a-nano-freer.o)
                0x00000000200142be                _free_r
 .text._malloc_r
                0x0000000020014366       0xd4 /private/var/folders/fn/c320ylh162n58sqzz0495gg40000gq/T/AppTranslocation/4CBD1C0D-0AD1-453E-8626-BC7EC180C708/d/FreedomStudio.app/Contents/Eclipse/SiFive/riscv64-unknown-elf-gcc-8.3.0-2020.04.1/bin/../lib/gcc/riscv64-unknown-elf/8.3.0/../../../../riscv64-unknown-elf/lib/rv32imac/ilp32/libc_nano.a(lib_a-nano-mallocr.o)
                0x0000000020014366                _malloc_r
 .text.__sfputc_r
                0x000000002001443a       0x2a /private/var/folders/fn/c320ylh162n58sqzz0495gg40000gq/T/AppTranslocation/4CBD1C0D-0AD1-453E-8626-BC7EC180C708/d/FreedomStudio.app/Contents/Eclipse/SiFive/riscv64-unknown-elf-gcc-8.3.0-2020.04.1/bin/../lib/gcc/riscv64-unknown-elf/8.3.0/../../../../riscv64-unknown-elf/lib/rv32imac/ilp32/libc_nano.a(lib_a-nano-vfprintf.o)
 .text.__sfputs_r
                0x0000000020014464       0x42 /private/var/folders/fn/c320ylh162n58sqzz0495gg40000gq/T/AppTranslocation/4CBD1C0D-0AD1-453E-8626-BC7EC180C708/d/FreedomStudio.app/Contents/Eclipse/SiFive/riscv64-unknown-elf-gcc-8.3.0-2020.04.1/bin/../lib/gcc/riscv64-unknown-elf/8.3.0/../../../../riscv64-unknown-elf/lib/rv32imac/ilp32/libc_nano.a(lib_a-nano-vfprintf.o)
                0x0000000020014464                __sfputs_r
 .text._vfprintf_r
                0x00000000200144a6      0x29c /private/var/folders/fn/c320ylh162n58sqzz0495gg40000gq/T/AppTranslocation/4CBD1C0D-0AD1-453E-8626-BC7EC180C708/d/FreedomStudio.app/Contents/Eclipse/SiFive/riscv64-unknown-elf-gcc-8.3.0-2020.04.1/bin/../lib/gcc/riscv64-unknown-elf/8.3.0/../../../../riscv64-unknown-elf/lib/rv32imac/ilp32/libc_nano.a(lib_a-nano-vfprintf.o)
                0x00000000200144a6                _vfiprintf_r
                0x00000000200144a6                _vfprintf_r
 .text._printf_common
                0x0000000020014742      0x10c /private/var/folders/fn/c320ylh162n58sqzz0495gg40000gq/T/AppTranslocation/4CBD1C0D-0AD1-453E-8626-BC7EC180C708/d/FreedomStudio.app/Contents/Eclipse/SiFive/riscv64-unknown-elf-gcc-8.3.0-2020.04.1/bin/../lib/gcc/riscv64-unknown-elf/8.3.0/../../../../riscv64-unknown-elf/lib/rv32imac/ilp32/libc_nano.a(lib_a-nano-vfprintf_i.o)
                0x0000000020014742                _printf_common
 .text._printf_i
                0x000000002001484e      0x2a4 /private/var/folders/fn/c320ylh162n58sqzz0495gg40000gq/T/AppTranslocation/4CBD1C0D-0AD1-453E-8626-BC7EC180C708/d/FreedomStudio.app/Contents/Eclipse/SiFive/riscv64-unknown-elf-gcc-8.3.0-2020.04.1/bin/../lib/gcc/riscv64-unknown-elf/8.3.0/../../../../riscv64-unknown-elf/lib/rv32imac/ilp32/libc_nano.a(lib_a-nano-vfprintf_i.o)
                0x000000002001484e                _printf_i
 .text._sbrk_r  0x0000000020014af2       0x2a /private/var/folders/fn/c320ylh162n58sqzz0495gg40000gq/T/AppTranslocation/4CBD1C0D-0AD1-453E-8626-BC7EC180C708/d/FreedomStudio.app/Contents/Eclipse/SiFive/riscv64-unknown-elf-gcc-8.3.0-2020.04.1/bin/../lib/gcc/riscv64-unknown-elf/8.3.0/../../../../riscv64-unknown-elf/lib/rv32imac/ilp32/libc_nano.a(lib_a-sbrkr.o)
                0x0000000020014af2                _sbrk_r
 .text.__sread  0x0000000020014b1c       0x30 /private/var/folders/fn/c320ylh162n58sqzz0495gg40000gq/T/AppTranslocation/4CBD1C0D-0AD1-453E-8626-BC7EC180C708/d/FreedomStudio.app/Contents/Eclipse/SiFive/riscv64-unknown-elf-gcc-8.3.0-2020.04.1/bin/../lib/gcc/riscv64-unknown-elf/8.3.0/../../../../riscv64-unknown-elf/lib/rv32imac/ilp32/libc_nano.a(lib_a-stdio.o)
                0x0000000020014b1c                __sread
 .text.__swrite
                0x0000000020014b4c       0x4e /private/var/folders/fn/c320ylh162n58sqzz0495gg40000gq/T/AppTranslocation/4CBD1C0D-0AD1-453E-8626-BC7EC180C708/d/FreedomStudio.app/Contents/Eclipse/SiFive/riscv64-unknown-elf-gcc-8.3.0-2020.04.1/bin/../lib/gcc/riscv64-unknown-elf/8.3.0/../../../../riscv64-unknown-elf/lib/rv32imac/ilp32/libc_nano.a(lib_a-stdio.o)
                0x0000000020014b4c                __swrite
 .text.__sseek  0x0000000020014b9a       0x36 /private/var/folders/fn/c320ylh162n58sqzz0495gg40000gq/T/AppTranslocation/4CBD1C0D-0AD1-453E-8626-BC7EC180C708/d/FreedomStudio.app/Contents/Eclipse/SiFive/riscv64-unknown-elf-gcc-8.3.0-2020.04.1/bin/../lib/gcc/riscv64-unknown-elf/8.3.0/../../../../riscv64-unknown-elf/lib/rv32imac/ilp32/libc_nano.a(lib_a-stdio.o)
                0x0000000020014b9a                __sseek
 .text.__sclose
                0x0000000020014bd0        0x6 /private/var/folders/fn/c320ylh162n58sqzz0495gg40000gq/T/AppTranslocation/4CBD1C0D-0AD1-453E-8626-BC7EC180C708/d/FreedomStudio.app/Contents/Eclipse/SiFive/riscv64-unknown-elf-gcc-8.3.0-2020.04.1/bin/../lib/gcc/riscv64-unknown-elf/8.3.0/../../../../riscv64-unknown-elf/lib/rv32imac/ilp32/libc_nano.a(lib_a-stdio.o)
                0x0000000020014bd0                __sclose
 .text._write_r
                0x0000000020014bd6       0x2e /private/var/folders/fn/c320ylh162n58sqzz0495gg40000gq/T/AppTranslocation/4CBD1C0D-0AD1-453E-8626-BC7EC180C708/d/FreedomStudio.app/Contents/Eclipse/SiFive/riscv64-unknown-elf-gcc-8.3.0-2020.04.1/bin/../lib/gcc/riscv64-unknown-elf/8.3.0/../../../../riscv64-unknown-elf/lib/rv32imac/ilp32/libc_nano.a(lib_a-writer.o)
                0x0000000020014bd6                _write_r
 .text._close_r
                0x0000000020014c04       0x2a /private/var/folders/fn/c320ylh162n58sqzz0495gg40000gq/T/AppTranslocation/4CBD1C0D-0AD1-453E-8626-BC7EC180C708/d/FreedomStudio.app/Contents/Eclipse/SiFive/riscv64-unknown-elf-gcc-8.3.0-2020.04.1/bin/../lib/gcc/riscv64-unknown-elf/8.3.0/../../../../riscv64-unknown-elf/lib/rv32imac/ilp32/libc_nano.a(lib_a-closer.o)
                0x0000000020014c04                _close_r
 .text._fstat_r
                0x0000000020014c2e       0x2c /private/var/folders/fn/c320ylh162n58sqzz0495gg40000gq/T/AppTranslocation/4CBD1C0D-0AD1-453E-8626-BC7EC180C708/d/FreedomStudio.app/Contents/Eclipse/SiFive/riscv64-unknown-elf-gcc-8.3.0-2020.04.1/bin/../lib/gcc/riscv64-unknown-elf/8.3.0/../../../../riscv64-unknown-elf/lib/rv32imac/ilp32/libc_nano.a(lib_a-fstatr.o)
                0x0000000020014c2e                _fstat_r
 .text._isatty_r
                0x0000000020014c5a       0x2a /private/var/folders/fn/c320ylh162n58sqzz0495gg40000gq/T/AppTranslocation/4CBD1C0D-0AD1-453E-8626-BC7EC180C708/d/FreedomStudio.app/Contents/Eclipse/SiFive/riscv64-unknown-elf-gcc-8.3.0-2020.04.1/bin/../lib/gcc/riscv64-unknown-elf/8.3.0/../../../../riscv64-unknown-elf/lib/rv32imac/ilp32/libc_nano.a(lib_a-isattyr.o)
                0x0000000020014c5a                _isatty_r
 .text._lseek_r
                0x0000000020014c84       0x2e /private/var/folders/fn/c320ylh162n58sqzz0495gg40000gq/T/AppTranslocation/4CBD1C0D-0AD1-453E-8626-BC7EC180C708/d/FreedomStudio.app/Contents/Eclipse/SiFive/riscv64-unknown-elf-gcc-8.3.0-2020.04.1/bin/../lib/gcc/riscv64-unknown-elf/8.3.0/../../../../riscv64-unknown-elf/lib/rv32imac/ilp32/libc_nano.a(lib_a-lseekr.o)
                0x0000000020014c84                _lseek_r
 .text.memchr   0x0000000020014cb2       0x1a /private/var/folders/fn/c320ylh162n58sqzz0495gg40000gq/T/AppTranslocation/4CBD1C0D-0AD1-453E-8626-BC7EC180C708/d/FreedomStudio.app/Contents/Eclipse/SiFive/riscv64-unknown-elf-gcc-8.3.0-2020.04.1/bin/../lib/gcc/riscv64-unknown-elf/8.3.0/../../../../riscv64-unknown-elf/lib/rv32imac/ilp32/libc_nano.a(lib_a-memchr.o)
                0x0000000020014cb2                memchr
 .text.__malloc_lock
                0x0000000020014ccc        0x2 /private/var/folders/fn/c320ylh162n58sqzz0495gg40000gq/T/AppTranslocation/4CBD1C0D-0AD1-453E-8626-BC7EC180C708/d/FreedomStudio.app/Contents/Eclipse/SiFive/riscv64-unknown-elf-gcc-8.3.0-2020.04.1/bin/../lib/gcc/riscv64-unknown-elf/8.3.0/../../../../riscv64-unknown-elf/lib/rv32imac/ilp32/libc_nano.a(lib_a-mlock.o)
                0x0000000020014ccc                __malloc_lock
 .text.__malloc_unlock
                0x0000000020014cce        0x2 /private/var/folders/fn/c320ylh162n58sqzz0495gg40000gq/T/AppTranslocation/4CBD1C0D-0AD1-453E-8626-BC7EC180C708/d/FreedomStudio.app/Contents/Eclipse/SiFive/riscv64-unknown-elf-gcc-8.3.0-2020.04.1/bin/../lib/gcc/riscv64-unknown-elf/8.3.0/../../../../riscv64-unknown-elf/lib/rv32imac/ilp32/libc_nano.a(lib_a-mlock.o)
                0x0000000020014cce                __malloc_unlock
 .text._read_r  0x0000000020014cd0       0x2e /private/var/folders/fn/c320ylh162n58sqzz0495gg40000gq/T/AppTranslocation/4CBD1C0D-0AD1-453E-8626-BC7EC180C708/d/FreedomStudio.app/Contents/Eclipse/SiFive/riscv64-unknown-elf-gcc-8.3.0-2020.04.1/bin/../lib/gcc/riscv64-unknown-elf/8.3.0/../../../../riscv64-unknown-elf/lib/rv32imac/ilp32/libc_nano.a(lib_a-readr.o)
                0x0000000020014cd0                _read_r
 .text          0x0000000020014cfe      0x35e /private/var/folders/fn/c320ylh162n58sqzz0495gg40000gq/T/AppTranslocation/4CBD1C0D-0AD1-453E-8626-BC7EC180C708/d/FreedomStudio.app/Contents/Eclipse/SiFive/riscv64-unknown-elf-gcc-8.3.0-2020.04.1/bin/../lib/gcc/riscv64-unknown-elf/8.3.0/rv32imac/ilp32/libgcc.a(_udivdi3.o)
                0x0000000020014cfe                __udivdi3
 .text          0x000000002001505c      0x5f2 /private/var/folders/fn/c320ylh162n58sqzz0495gg40000gq/T/AppTranslocation/4CBD1C0D-0AD1-453E-8626-BC7EC180C708/d/FreedomStudio.app/Contents/Eclipse/SiFive/riscv64-unknown-elf-gcc-8.3.0-2020.04.1/bin/../lib/gcc/riscv64-unknown-elf/8.3.0/rv32imac/ilp32/libgcc.a(adddf3.o)
                0x000000002001505c                __adddf3
 .text          0x000000002001564e      0x536 /private/var/folders/fn/c320ylh162n58sqzz0495gg40000gq/T/AppTranslocation/4CBD1C0D-0AD1-453E-8626-BC7EC180C708/d/FreedomStudio.app/Contents/Eclipse/SiFive/riscv64-unknown-elf-gcc-8.3.0-2020.04.1/bin/../lib/gcc/riscv64-unknown-elf/8.3.0/rv32imac/ilp32/libgcc.a(divdf3.o)
                0x000000002001564e                __divdf3
 .text          0x0000000020015b84       0x64 /private/var/folders/fn/c320ylh162n58sqzz0495gg40000gq/T/AppTranslocation/4CBD1C0D-0AD1-453E-8626-BC7EC180C708/d/FreedomStudio.app/Contents/Eclipse/SiFive/riscv64-unknown-elf-gcc-8.3.0-2020.04.1/bin/../lib/gcc/riscv64-unknown-elf/8.3.0/rv32imac/ilp32/libgcc.a(fixdfsi.o)
                0x0000000020015b84                __fixdfsi
 .text          0x0000000020015be8      0x30e /private/var/folders/fn/c320ylh162n58sqzz0495gg40000gq/T/AppTranslocation/4CBD1C0D-0AD1-453E-8626-BC7EC180C708/d/FreedomStudio.app/Contents/Eclipse/SiFive/riscv64-unknown-elf-gcc-8.3.0-2020.04.1/bin/../lib/gcc/riscv64-unknown-elf/8.3.0/rv32imac/ilp32/libgcc.a(addsf3.o)
                0x0000000020015be8                __addsf3
 .text          0x0000000020015ef6      0x24e /private/var/folders/fn/c320ylh162n58sqzz0495gg40000gq/T/AppTranslocation/4CBD1C0D-0AD1-453E-8626-BC7EC180C708/d/FreedomStudio.app/Contents/Eclipse/SiFive/riscv64-unknown-elf-gcc-8.3.0-2020.04.1/bin/../lib/gcc/riscv64-unknown-elf/8.3.0/rv32imac/ilp32/libgcc.a(divsf3.o)
                0x0000000020015ef6                __divsf3
 .text          0x0000000020016144       0x78 /private/var/folders/fn/c320ylh162n58sqzz0495gg40000gq/T/AppTranslocation/4CBD1C0D-0AD1-453E-8626-BC7EC180C708/d/FreedomStudio.app/Contents/Eclipse/SiFive/riscv64-unknown-elf-gcc-8.3.0-2020.04.1/bin/../lib/gcc/riscv64-unknown-elf/8.3.0/rv32imac/ilp32/libgcc.a(gesf2.o)
                0x0000000020016144                __gtsf2
                0x0000000020016144                __gesf2
 .text          0x00000000200161bc       0x78 /private/var/folders/fn/c320ylh162n58sqzz0495gg40000gq/T/AppTranslocation/4CBD1C0D-0AD1-453E-8626-BC7EC180C708/d/FreedomStudio.app/Contents/Eclipse/SiFive/riscv64-unknown-elf-gcc-8.3.0-2020.04.1/bin/../lib/gcc/riscv64-unknown-elf/8.3.0/rv32imac/ilp32/libgcc.a(lesf2.o)
                0x00000000200161bc                __lesf2
                0x00000000200161bc                __ltsf2
 .text          0x0000000020016234      0x220 /private/var/folders/fn/c320ylh162n58sqzz0495gg40000gq/T/AppTranslocation/4CBD1C0D-0AD1-453E-8626-BC7EC180C708/d/FreedomStudio.app/Contents/Eclipse/SiFive/riscv64-unknown-elf-gcc-8.3.0-2020.04.1/bin/../lib/gcc/riscv64-unknown-elf/8.3.0/rv32imac/ilp32/libgcc.a(mulsf3.o)
                0x0000000020016234                __mulsf3
 .text          0x0000000020016454      0x31c /private/var/folders/fn/c320ylh162n58sqzz0495gg40000gq/T/AppTranslocation/4CBD1C0D-0AD1-453E-8626-BC7EC180C708/d/FreedomStudio.app/Contents/Eclipse/SiFive/riscv64-unknown-elf-gcc-8.3.0-2020.04.1/bin/../lib/gcc/riscv64-unknown-elf/8.3.0/rv32imac/ilp32/libgcc.a(subsf3.o)
                0x0000000020016454                __subsf3
 .text          0x0000000020016770       0x60 /private/var/folders/fn/c320ylh162n58sqzz0495gg40000gq/T/AppTranslocation/4CBD1C0D-0AD1-453E-8626-BC7EC180C708/d/FreedomStudio.app/Contents/Eclipse/SiFive/riscv64-unknown-elf-gcc-8.3.0-2020.04.1/bin/../lib/gcc/riscv64-unknown-elf/8.3.0/rv32imac/ilp32/libgcc.a(fixsfsi.o)
                0x0000000020016770                __fixsfsi
 .text          0x00000000200167d0       0xba /private/var/folders/fn/c320ylh162n58sqzz0495gg40000gq/T/AppTranslocation/4CBD1C0D-0AD1-453E-8626-BC7EC180C708/d/FreedomStudio.app/Contents/Eclipse/SiFive/riscv64-unknown-elf-gcc-8.3.0-2020.04.1/bin/../lib/gcc/riscv64-unknown-elf/8.3.0/rv32imac/ilp32/libgcc.a(floatsisf.o)
                0x00000000200167d0                __floatsisf
 .text          0x000000002001688a       0x9c /private/var/folders/fn/c320ylh162n58sqzz0495gg40000gq/T/AppTranslocation/4CBD1C0D-0AD1-453E-8626-BC7EC180C708/d/FreedomStudio.app/Contents/Eclipse/SiFive/riscv64-unknown-elf-gcc-8.3.0-2020.04.1/bin/../lib/gcc/riscv64-unknown-elf/8.3.0/rv32imac/ilp32/libgcc.a(floatunsisf.o)
                0x000000002001688a                __floatunsisf
 .text          0x0000000020016926       0x98 /private/var/folders/fn/c320ylh162n58sqzz0495gg40000gq/T/AppTranslocation/4CBD1C0D-0AD1-453E-8626-BC7EC180C708/d/FreedomStudio.app/Contents/Eclipse/SiFive/riscv64-unknown-elf-gcc-8.3.0-2020.04.1/bin/../lib/gcc/riscv64-unknown-elf/8.3.0/rv32imac/ilp32/libgcc.a(extendsfdf2.o)
                0x0000000020016926                __extendsfdf2
 .text          0x00000000200169be      0x122 /private/var/folders/fn/c320ylh162n58sqzz0495gg40000gq/T/AppTranslocation/4CBD1C0D-0AD1-453E-8626-BC7EC180C708/d/FreedomStudio.app/Contents/Eclipse/SiFive/riscv64-unknown-elf-gcc-8.3.0-2020.04.1/bin/../lib/gcc/riscv64-unknown-elf/8.3.0/rv32imac/ilp32/libgcc.a(truncdfsf2.o)
                0x00000000200169be                __truncdfsf2
 .text          0x0000000020016ae0       0x3c /private/var/folders/fn/c320ylh162n58sqzz0495gg40000gq/T/AppTranslocation/4CBD1C0D-0AD1-453E-8626-BC7EC180C708/d/FreedomStudio.app/Contents/Eclipse/SiFive/riscv64-unknown-elf-gcc-8.3.0-2020.04.1/bin/../lib/gcc/riscv64-unknown-elf/8.3.0/rv32imac/ilp32/libgcc.a(_clzsi2.o)
                0x0000000020016ae0                __clzsi2
 .text          0x0000000020016b1c       0x82 /private/var/folders/fn/c320ylh162n58sqzz0495gg40000gq/T/AppTranslocation/4CBD1C0D-0AD1-453E-8626-BC7EC180C708/d/FreedomStudio.app/Contents/Eclipse/SiFive/riscv64-unknown-elf-gcc-8.3.0-2020.04.1/bin/../lib/gcc/riscv64-unknown-elf/8.3.0/../../../../riscv64-unknown-elf/lib/rv32imac/ilp32/libm.a(lib_a-sf_cos.o)
                0x0000000020016b1c                cosf
 .text          0x0000000020016b9e       0x3c /private/var/folders/fn/c320ylh162n58sqzz0495gg40000gq/T/AppTranslocation/4CBD1C0D-0AD1-453E-8626-BC7EC180C708/d/FreedomStudio.app/Contents/Eclipse/SiFive/riscv64-unknown-elf-gcc-8.3.0-2020.04.1/bin/../lib/gcc/riscv64-unknown-elf/8.3.0/../../../../riscv64-unknown-elf/lib/rv32imac/ilp32/libm.a(lib_a-sf_fmax.o)
                0x0000000020016b9e                fmaxf
 .text          0x0000000020016bda       0x3c /private/var/folders/fn/c320ylh162n58sqzz0495gg40000gq/T/AppTranslocation/4CBD1C0D-0AD1-453E-8626-BC7EC180C708/d/FreedomStudio.app/Contents/Eclipse/SiFive/riscv64-unknown-elf-gcc-8.3.0-2020.04.1/bin/../lib/gcc/riscv64-unknown-elf/8.3.0/../../../../riscv64-unknown-elf/lib/rv32imac/ilp32/libm.a(lib_a-sf_fmin.o)
                0x0000000020016bda                fminf
 .text          0x0000000020016c16       0x38 /private/var/folders/fn/c320ylh162n58sqzz0495gg40000gq/T/AppTranslocation/4CBD1C0D-0AD1-453E-8626-BC7EC180C708/d/FreedomStudio.app/Contents/Eclipse/SiFive/riscv64-unknown-elf-gcc-8.3.0-2020.04.1/bin/../lib/gcc/riscv64-unknown-elf/8.3.0/../../../../riscv64-unknown-elf/lib/rv32imac/ilp32/libm.a(lib_a-sf_fpclassify.o)
                0x0000000020016c16                __fpclassifyf
 .text          0x0000000020016c4e       0x84 /private/var/folders/fn/c320ylh162n58sqzz0495gg40000gq/T/AppTranslocation/4CBD1C0D-0AD1-453E-8626-BC7EC180C708/d/FreedomStudio.app/Contents/Eclipse/SiFive/riscv64-unknown-elf-gcc-8.3.0-2020.04.1/bin/../lib/gcc/riscv64-unknown-elf/8.3.0/../../../../riscv64-unknown-elf/lib/rv32imac/ilp32/libm.a(lib_a-sf_sin.o)
                0x0000000020016c4e                sinf
 .text          0x0000000020016cd2       0x6e /private/var/folders/fn/c320ylh162n58sqzz0495gg40000gq/T/AppTranslocation/4CBD1C0D-0AD1-453E-8626-BC7EC180C708/d/FreedomStudio.app/Contents/Eclipse/SiFive/riscv64-unknown-elf-gcc-8.3.0-2020.04.1/bin/../lib/gcc/riscv64-unknown-elf/8.3.0/../../../../riscv64-unknown-elf/lib/rv32imac/ilp32/libm.a(lib_a-w_sqrt.o)
                0x0000000020016cd2                sqrt
 .text          0x0000000020016d40        0x2 /private/var/folders/fn/c320ylh162n58sqzz0495gg40000gq/T/AppTranslocation/4CBD1C0D-0AD1-453E-8626-BC7EC180C708/d/FreedomStudio.app/Contents/Eclipse/SiFive/riscv64-unknown-elf-gcc-8.3.0-2020.04.1/bin/../lib/gcc/riscv64-unknown-elf/8.3.0/../../../../riscv64-unknown-elf/lib/rv32imac/ilp32/libm.a(lib_a-wf_atan2.o)
                0x0000000020016d40                atan2f
 .text          0x0000000020016d42       0x62 /private/var/folders/fn/c320ylh162n58sqzz0495gg40000gq/T/AppTranslocation/4CBD1C0D-0AD1-453E-8626-BC7EC180C708/d/FreedomStudio.app/Contents/Eclipse/SiFive/riscv64-unknown-elf-gcc-8.3.0-2020.04.1/bin/../lib/gcc/riscv64-unknown-elf/8.3.0/../../../../riscv64-unknown-elf/lib/rv32imac/ilp32/libm.a(lib_a-wf_sqrt.o)
                0x0000000020016d42                sqrtf
 .text          0x0000000020016da4      0x1e0 /private/var/folders/fn/c320ylh162n58sqzz0495gg40000gq/T/AppTranslocation/4CBD1C0D-0AD1-453E-8626-BC7EC180C708/d/FreedomStudio.app/Contents/Eclipse/SiFive/riscv64-unknown-elf-gcc-8.3.0-2020.04.1/bin/../lib/gcc/riscv64-unknown-elf/8.3.0/../../../../riscv64-unknown-elf/lib/rv32imac/ilp32/libm.a(lib_a-e_sqrt.o)
                0x0000000020016da4                __ieee754_sqrt
 .text          0x0000000020016f84      0x198 /private/var/folders/fn/c320ylh162n58sqzz0495gg40000gq/T/AppTranslocation/4CBD1C0D-0AD1-453E-8626-BC7EC180C708/d/FreedomStudio.app/Contents/Eclipse/SiFive/riscv64-unknown-elf-gcc-8.3.0-2020.04.1/bin/../lib/gcc/riscv64-unknown-elf/8.3.0/../../../../riscv64-unknown-elf/lib/rv32imac/ilp32/libm.a(lib_a-ef_atan2.o)
                0x0000000020016f84                __ieee754_atan2f
 .text          0x000000002001711c      0x354 /private/var/folders/fn/c320ylh162n58sqzz0495gg40000gq/T/AppTranslocation/4CBD1C0D-0AD1-453E-8626-BC7EC180C708/d/FreedomStudio.app/Contents/Eclipse/SiFive/riscv64-unknown-elf-gcc-8.3.0-2020.04.1/bin/../lib/gcc/riscv64-unknown-elf/8.3.0/../../../../riscv64-unknown-elf/lib/rv32imac/ilp32/libm.a(lib_a-ef_rem_pio2.o)
                0x000000002001711c                __ieee754_rem_pio2f
 .text          0x0000000020017470       0xdc /private/var/folders/fn/c320ylh162n58sqzz0495gg40000gq/T/AppTranslocation/4CBD1C0D-0AD1-453E-8626-BC7EC180C708/d/FreedomStudio.app/Contents/Eclipse/SiFive/riscv64-unknown-elf-gcc-8.3.0-2020.04.1/bin/../lib/gcc/riscv64-unknown-elf/8.3.0/../../../../riscv64-unknown-elf/lib/rv32imac/ilp32/libm.a(lib_a-ef_sqrt.o)
                0x0000000020017470                __ieee754_sqrtf
 .text          0x000000002001754c      0x20e /private/var/folders/fn/c320ylh162n58sqzz0495gg40000gq/T/AppTranslocation/4CBD1C0D-0AD1-453E-8626-BC7EC180C708/d/FreedomStudio.app/Contents/Eclipse/SiFive/riscv64-unknown-elf-gcc-8.3.0-2020.04.1/bin/../lib/gcc/riscv64-unknown-elf/8.3.0/../../../../riscv64-unknown-elf/lib/rv32imac/ilp32/libm.a(lib_a-kf_cos.o)
                0x000000002001754c                __kernel_cosf
 .text          0x000000002001775a      0x7e4 /private/var/folders/fn/c320ylh162n58sqzz0495gg40000gq/T/AppTranslocation/4CBD1C0D-0AD1-453E-8626-BC7EC180C708/d/FreedomStudio.app/Contents/Eclipse/SiFive/riscv64-unknown-elf-gcc-8.3.0-2020.04.1/bin/../lib/gcc/riscv64-unknown-elf/8.3.0/../../../../riscv64-unknown-elf/lib/rv32imac/ilp32/libm.a(lib_a-kf_rem_pio2.o)
                0x000000002001775a                __kernel_rem_pio2f
 .text          0x0000000020017f3e      0x12c /private/var/folders/fn/c320ylh162n58sqzz0495gg40000gq/T/AppTranslocation/4CBD1C0D-0AD1-453E-8626-BC7EC180C708/d/FreedomStudio.app/Contents/Eclipse/SiFive/riscv64-unknown-elf-gcc-8.3.0-2020.04.1/bin/../lib/gcc/riscv64-unknown-elf/8.3.0/../../../../riscv64-unknown-elf/lib/rv32imac/ilp32/libm.a(lib_a-kf_sin.o)
                0x0000000020017f3e                __kernel_sinf
 .text          0x000000002001806a      0x280 /private/var/folders/fn/c320ylh162n58sqzz0495gg40000gq/T/AppTranslocation/4CBD1C0D-0AD1-453E-8626-BC7EC180C708/d/FreedomStudio.app/Contents/Eclipse/SiFive/riscv64-unknown-elf-gcc-8.3.0-2020.04.1/bin/../lib/gcc/riscv64-unknown-elf/8.3.0/../../../../riscv64-unknown-elf/lib/rv32imac/ilp32/libm.a(lib_a-sf_atan.o)
                0x000000002001806a                atanf
 .text          0x00000000200182ea        0x6 /private/var/folders/fn/c320ylh162n58sqzz0495gg40000gq/T/AppTranslocation/4CBD1C0D-0AD1-453E-8626-BC7EC180C708/d/FreedomStudio.app/Contents/Eclipse/SiFive/riscv64-unknown-elf-gcc-8.3.0-2020.04.1/bin/../lib/gcc/riscv64-unknown-elf/8.3.0/../../../../riscv64-unknown-elf/lib/rv32imac/ilp32/libm.a(lib_a-sf_fabs.o)
                0x00000000200182ea                fabsf
 .text          0x00000000200182f0       0xcc /private/var/folders/fn/c320ylh162n58sqzz0495gg40000gq/T/AppTranslocation/4CBD1C0D-0AD1-453E-8626-BC7EC180C708/d/FreedomStudio.app/Contents/Eclipse/SiFive/riscv64-unknown-elf-gcc-8.3.0-2020.04.1/bin/../lib/gcc/riscv64-unknown-elf/8.3.0/../../../../riscv64-unknown-elf/lib/rv32imac/ilp32/libm.a(lib_a-sf_floor.o)
                0x00000000200182f0                floorf
 .text          0x00000000200183bc      0x100 /private/var/folders/fn/c320ylh162n58sqzz0495gg40000gq/T/AppTranslocation/4CBD1C0D-0AD1-453E-8626-BC7EC180C708/d/FreedomStudio.app/Contents/Eclipse/SiFive/riscv64-unknown-elf-gcc-8.3.0-2020.04.1/bin/../lib/gcc/riscv64-unknown-elf/8.3.0/../../../../riscv64-unknown-elf/lib/rv32imac/ilp32/libm.a(lib_a-sf_scalbn.o)
                0x00000000200183bc                scalbnf
 .text.metal_cpu_get_timer
                0x00000000200184bc       0x2a /Users/neel123/wsFreedomStudio/sifive_hifive1_revb_example_i2c/bsp/install/lib/debug//libmetal.a(cpu.o)
                0x00000000200184bc                metal_cpu_get_timer
 .text.metal_cpu_get_timebase
                0x00000000200184e6       0x2a /Users/neel123/wsFreedomStudio/sifive_hifive1_revb_example_i2c/bsp/install/lib/debug//libmetal.a(cpu.o)
                0x00000000200184e6                metal_cpu_get_timebase
 .text.metal_cpu_interrupt_controller
                0x0000000020018510       0x26 /Users/neel123/wsFreedomStudio/sifive_hifive1_revb_example_i2c/bsp/install/lib/debug//libmetal.a(cpu.o)
                0x0000000020018510                metal_cpu_interrupt_controller
 .text.metal_cpu_get
                0x0000000020018536       0x2a /Users/neel123/wsFreedomStudio/sifive_hifive1_revb_example_i2c/bsp/install/lib/debug//libmetal.a(cpu.o)
                0x0000000020018536                metal_cpu_get
 .text.metal_cpu_get_current_hartid
                0x0000000020018560       0x1a /Users/neel123/wsFreedomStudio/sifive_hifive1_revb_example_i2c/bsp/install/lib/debug//libmetal.a(cpu.o)
                0x0000000020018560                metal_cpu_get_current_hartid
 .text.metal_gpio_enable_input
                0x000000002001857a       0x40 /Users/neel123/wsFreedomStudio/sifive_hifive1_revb_example_i2c/bsp/install/lib/debug//libmetal.a(gpio.o)
                0x000000002001857a                metal_gpio_enable_input
 .text.metal_gpio_disable_output
                0x00000000200185ba       0x40 /Users/neel123/wsFreedomStudio/sifive_hifive1_revb_example_i2c/bsp/install/lib/debug//libmetal.a(gpio.o)
                0x00000000200185ba                metal_gpio_disable_output
 .text.metal_gpio_get_input_pin
                0x00000000200185fa       0x4e /Users/neel123/wsFreedomStudio/sifive_hifive1_revb_example_i2c/bsp/install/lib/debug//libmetal.a(gpio.o)
                0x00000000200185fa                metal_gpio_get_input_pin
 .text.metal_gpio_get_device
                0x0000000020018648       0x2e /Users/neel123/wsFreedomStudio/sifive_hifive1_revb_example_i2c/bsp/install/lib/debug//libmetal.a(gpio.o)
                0x0000000020018648                metal_gpio_get_device
 .text.metal_i2c_init
                0x0000000020018676       0x34 /Users/neel123/wsFreedomStudio/sifive_hifive1_revb_example_i2c/bsp/install/lib/debug//libmetal.a(i2c.o)
                0x0000000020018676                metal_i2c_init
 .text.metal_i2c_write
                0x00000000200186aa       0x46 /Users/neel123/wsFreedomStudio/sifive_hifive1_revb_example_i2c/bsp/install/lib/debug//libmetal.a(i2c.o)
                0x00000000200186aa                metal_i2c_write
 .text.metal_i2c_read
                0x00000000200186f0       0x46 /Users/neel123/wsFreedomStudio/sifive_hifive1_revb_example_i2c/bsp/install/lib/debug//libmetal.a(i2c.o)
                0x00000000200186f0                metal_i2c_read
 .text.metal_i2c_set_baud_rate
                0x0000000020018736       0x30 /Users/neel123/wsFreedomStudio/sifive_hifive1_revb_example_i2c/bsp/install/lib/debug//libmetal.a(i2c.o)
                0x0000000020018736                metal_i2c_set_baud_rate
 .text.metal_i2c_get_device
                0x0000000020018766       0x2a /Users/neel123/wsFreedomStudio/sifive_hifive1_revb_example_i2c/bsp/install/lib/debug//libmetal.a(i2c.o)
                0x0000000020018766                metal_i2c_get_device
 .text.metal_interrupt_init
                0x0000000020018790       0x24 /Users/neel123/wsFreedomStudio/sifive_hifive1_revb_example_i2c/bsp/install/lib/debug//libmetal.a(interrupt.o)
                0x0000000020018790                metal_interrupt_init
 .text.metal_uart_init
                0x00000000200187b4       0x2c /Users/neel123/wsFreedomStudio/sifive_hifive1_revb_example_i2c/bsp/install/lib/debug//libmetal.a(uart.o)
                0x00000000200187b4                metal_uart_init
 .text.metal_uart_putc
                0x00000000200187e0       0x2e /Users/neel123/wsFreedomStudio/sifive_hifive1_revb_example_i2c/bsp/install/lib/debug//libmetal.a(uart.o)
                0x00000000200187e0                metal_uart_putc
 .text.metal_uart_getc
                0x000000002001880e       0x2e /Users/neel123/wsFreedomStudio/sifive_hifive1_revb_example_i2c/bsp/install/lib/debug//libmetal.a(uart.o)
                0x000000002001880e                metal_uart_getc
 .text.metal_uart_set_baud_rate
                0x000000002001883c       0x2e /Users/neel123/wsFreedomStudio/sifive_hifive1_revb_example_i2c/bsp/install/lib/debug//libmetal.a(uart.o)
                0x000000002001883c                metal_uart_set_baud_rate
 .text.metal_uart_get_device
                0x000000002001886a       0x2e /Users/neel123/wsFreedomStudio/sifive_hifive1_revb_example_i2c/bsp/install/lib/debug//libmetal.a(uart.o)
                0x000000002001886a                metal_uart_get_device
 .text.__metal_driver_sifive_clint0_control_base
                0x0000000020018898       0x26 /Users/neel123/wsFreedomStudio/sifive_hifive1_revb_example_i2c/bsp/install/lib/debug//libmetal.a(riscv_clint0.o)
 .text.__metal_driver_sifive_clint0_num_interrupts
                0x00000000200188be       0x24 /Users/neel123/wsFreedomStudio/sifive_hifive1_revb_example_i2c/bsp/install/lib/debug//libmetal.a(riscv_clint0.o)
 .text.__metal_driver_sifive_clint0_interrupt_parents
                0x00000000200188e2       0x3c /Users/neel123/wsFreedomStudio/sifive_hifive1_revb_example_i2c/bsp/install/lib/debug//libmetal.a(riscv_clint0.o)
 .text.__metal_driver_sifive_clint0_interrupt_lines
                0x000000002001891e       0x30 /Users/neel123/wsFreedomStudio/sifive_hifive1_revb_example_i2c/bsp/install/lib/debug//libmetal.a(riscv_clint0.o)
 .text.__metal_clint0_mtime_get
                0x000000002001894e       0x9c /Users/neel123/wsFreedomStudio/sifive_hifive1_revb_example_i2c/bsp/install/lib/debug//libmetal.a(riscv_clint0.o)
                0x000000002001894e                __metal_clint0_mtime_get
 .text.__metal_driver_riscv_clint0_mtimecmp_set
                0x00000000200189ea       0x98 /Users/neel123/wsFreedomStudio/sifive_hifive1_revb_example_i2c/bsp/install/lib/debug//libmetal.a(riscv_clint0.o)
                0x00000000200189ea                __metal_driver_riscv_clint0_mtimecmp_set
 .text._get_cpu_intc
                0x0000000020018a82       0x36 /Users/neel123/wsFreedomStudio/sifive_hifive1_revb_example_i2c/bsp/install/lib/debug//libmetal.a(riscv_clint0.o)
 .text.__metal_driver_riscv_clint0_init
                0x0000000020018ab8       0x8e /Users/neel123/wsFreedomStudio/sifive_hifive1_revb_example_i2c/bsp/install/lib/debug//libmetal.a(riscv_clint0.o)
                0x0000000020018ab8                __metal_driver_riscv_clint0_init
 .text.__metal_driver_riscv_clint0_register
                0x0000000020018b46       0xe2 /Users/neel123/wsFreedomStudio/sifive_hifive1_revb_example_i2c/bsp/install/lib/debug//libmetal.a(riscv_clint0.o)
                0x0000000020018b46                __metal_driver_riscv_clint0_register
 .text.__metal_driver_riscv_clint0_vector_register
                0x0000000020018c28       0x28 /Users/neel123/wsFreedomStudio/sifive_hifive1_revb_example_i2c/bsp/install/lib/debug//libmetal.a(riscv_clint0.o)
                0x0000000020018c28                __metal_driver_riscv_clint0_vector_register
 .text.__metal_driver_riscv_clint0_get_vector_mode
                0x0000000020018c50       0x1c /Users/neel123/wsFreedomStudio/sifive_hifive1_revb_example_i2c/bsp/install/lib/debug//libmetal.a(riscv_clint0.o)
                0x0000000020018c50                __metal_driver_riscv_clint0_get_vector_mode
 .text.__metal_driver_riscv_clint0_set_vector_mode
                0x0000000020018c6c       0x5a /Users/neel123/wsFreedomStudio/sifive_hifive1_revb_example_i2c/bsp/install/lib/debug//libmetal.a(riscv_clint0.o)
                0x0000000020018c6c                __metal_driver_riscv_clint0_set_vector_mode
 .text.__metal_driver_riscv_clint0_enable
                0x0000000020018cc6       0xba /Users/neel123/wsFreedomStudio/sifive_hifive1_revb_example_i2c/bsp/install/lib/debug//libmetal.a(riscv_clint0.o)
                0x0000000020018cc6                __metal_driver_riscv_clint0_enable
 .text.__metal_driver_riscv_clint0_disable
                0x0000000020018d80       0xba /Users/neel123/wsFreedomStudio/sifive_hifive1_revb_example_i2c/bsp/install/lib/debug//libmetal.a(riscv_clint0.o)
                0x0000000020018d80                __metal_driver_riscv_clint0_disable
 .text.__metal_driver_riscv_clint0_command_request
                0x0000000020018e3a      0x136 /Users/neel123/wsFreedomStudio/sifive_hifive1_revb_example_i2c/bsp/install/lib/debug//libmetal.a(riscv_clint0.o)
                0x0000000020018e3a                __metal_driver_riscv_clint0_command_request
 .text.__metal_driver_riscv_clint0_clear_interrupt
                0x0000000020018f70       0x36 /Users/neel123/wsFreedomStudio/sifive_hifive1_revb_example_i2c/bsp/install/lib/debug//libmetal.a(riscv_clint0.o)
                0x0000000020018f70                __metal_driver_riscv_clint0_clear_interrupt
 .text.__metal_driver_riscv_clint0_set_interrupt
                0x0000000020018fa6       0x36 /Users/neel123/wsFreedomStudio/sifive_hifive1_revb_example_i2c/bsp/install/lib/debug//libmetal.a(riscv_clint0.o)
                0x0000000020018fa6                __metal_driver_riscv_clint0_set_interrupt
 .text.__metal_driver_cpu_hartid
                0x0000000020018fdc       0x24 /Users/neel123/wsFreedomStudio/sifive_hifive1_revb_example_i2c/bsp/install/lib/debug//libmetal.a(riscv_cpu.o)
 .text.__metal_driver_cpu_timebase
                0x0000000020019000       0x2a /Users/neel123/wsFreedomStudio/sifive_hifive1_revb_example_i2c/bsp/install/lib/debug//libmetal.a(riscv_cpu.o)
 .text.__metal_driver_cpu_interrupt_controller
                0x000000002001902a       0x2a /Users/neel123/wsFreedomStudio/sifive_hifive1_revb_example_i2c/bsp/install/lib/debug//libmetal.a(riscv_cpu.o)
 .text.__metal_driver_cpu_buserror
                0x0000000020019054       0x24 /Users/neel123/wsFreedomStudio/sifive_hifive1_revb_example_i2c/bsp/install/lib/debug//libmetal.a(riscv_cpu.o)
 .text.__metal_driver_cpu_get
                0x0000000020019078       0x2c /Users/neel123/wsFreedomStudio/sifive_hifive1_revb_example_i2c/bsp/install/lib/debug//libmetal.a(riscv_cpu.o)
                0x0000000020019078                __metal_driver_cpu_get
 .text.__metal_myhart_id
                0x00000000200190a4       0x1a /Users/neel123/wsFreedomStudio/sifive_hifive1_revb_example_i2c/bsp/install/lib/debug//libmetal.a(riscv_cpu.o)
                0x00000000200190a4                __metal_myhart_id
 .text.__metal_interrupt_global_enable
                0x00000000200190be       0x18 /Users/neel123/wsFreedomStudio/sifive_hifive1_revb_example_i2c/bsp/install/lib/debug//libmetal.a(riscv_cpu.o)
                0x00000000200190be                __metal_interrupt_global_enable
 .text.__metal_interrupt_global_disable
                0x00000000200190d6       0x18 /Users/neel123/wsFreedomStudio/sifive_hifive1_revb_example_i2c/bsp/install/lib/debug//libmetal.a(riscv_cpu.o)
                0x00000000200190d6                __metal_interrupt_global_disable
 .text.__metal_interrupt_software_enable
                0x00000000200190ee       0x18 /Users/neel123/wsFreedomStudio/sifive_hifive1_revb_example_i2c/bsp/install/lib/debug//libmetal.a(riscv_cpu.o)
                0x00000000200190ee                __metal_interrupt_software_enable
 .text.__metal_interrupt_software_disable
                0x0000000020019106       0x18 /Users/neel123/wsFreedomStudio/sifive_hifive1_revb_example_i2c/bsp/install/lib/debug//libmetal.a(riscv_cpu.o)
                0x0000000020019106                __metal_interrupt_software_disable
 .text.__metal_interrupt_timer_enable
                0x000000002001911e       0x1a /Users/neel123/wsFreedomStudio/sifive_hifive1_revb_example_i2c/bsp/install/lib/debug//libmetal.a(riscv_cpu.o)
                0x000000002001911e                __metal_interrupt_timer_enable
 .text.__metal_interrupt_timer_disable
                0x0000000020019138       0x1a /Users/neel123/wsFreedomStudio/sifive_hifive1_revb_example_i2c/bsp/install/lib/debug//libmetal.a(riscv_cpu.o)
                0x0000000020019138                __metal_interrupt_timer_disable
 .text.__metal_interrupt_external_enable
                0x0000000020019152       0x1c /Users/neel123/wsFreedomStudio/sifive_hifive1_revb_example_i2c/bsp/install/lib/debug//libmetal.a(riscv_cpu.o)
                0x0000000020019152                __metal_interrupt_external_enable
 .text.__metal_interrupt_external_disable
                0x000000002001916e       0x1c /Users/neel123/wsFreedomStudio/sifive_hifive1_revb_example_i2c/bsp/install/lib/debug//libmetal.a(riscv_cpu.o)
                0x000000002001916e                __metal_interrupt_external_disable
 .text.__metal_interrupt_local_enable
                0x000000002001918a       0x2c /Users/neel123/wsFreedomStudio/sifive_hifive1_revb_example_i2c/bsp/install/lib/debug//libmetal.a(riscv_cpu.o)
                0x000000002001918a                __metal_interrupt_local_enable
 .text.__metal_interrupt_local_disable
                0x00000000200191b6       0x2c /Users/neel123/wsFreedomStudio/sifive_hifive1_revb_example_i2c/bsp/install/lib/debug//libmetal.a(riscv_cpu.o)
                0x00000000200191b6                __metal_interrupt_local_disable
 .text.__metal_default_exception_handler
                0x00000000200191e2       0x18 /Users/neel123/wsFreedomStudio/sifive_hifive1_revb_example_i2c/bsp/install/lib/debug//libmetal.a(riscv_cpu.o)
                0x00000000200191e2                __metal_default_exception_handler
 .text.__metal_default_interrupt_handler
                0x00000000200191fa       0x18 /Users/neel123/wsFreedomStudio/sifive_hifive1_revb_example_i2c/bsp/install/lib/debug//libmetal.a(riscv_cpu.o)
                0x00000000200191fa                __metal_default_interrupt_handler
 .text.metal_interrupt_vector_handler
                0x0000000020019212       0x2e /Users/neel123/wsFreedomStudio/sifive_hifive1_revb_example_i2c/bsp/install/lib/debug//libmetal.a(riscv_cpu.o)
                0x0000000020019212                metal_interrupt_vector_handler
 .text.metal_software_interrupt_vector_handler
                0x0000000020019240       0x92 /Users/neel123/wsFreedomStudio/sifive_hifive1_revb_example_i2c/bsp/install/lib/debug//libmetal.a(riscv_cpu.o)
                0x0000000020019240                metal_software_interrupt_vector_handler
 .text.__metal_default_sw_handler
                0x00000000200192d2       0x68 /Users/neel123/wsFreedomStudio/sifive_hifive1_revb_example_i2c/bsp/install/lib/debug//libmetal.a(riscv_cpu.o)
                0x00000000200192d2                __metal_default_sw_handler
 .text.metal_timer_interrupt_vector_handler
                0x000000002001933a       0x92 /Users/neel123/wsFreedomStudio/sifive_hifive1_revb_example_i2c/bsp/install/lib/debug//libmetal.a(riscv_cpu.o)
                0x000000002001933a                metal_timer_interrupt_vector_handler
 .text.__metal_default_beu_handler
                0x00000000200193cc       0x16 /Users/neel123/wsFreedomStudio/sifive_hifive1_revb_example_i2c/bsp/install/lib/debug//libmetal.a(riscv_cpu.o)
                0x00000000200193cc                __metal_default_beu_handler
 .text.__metal_default_timer_handler
                0x00000000200193e2       0x6a /Users/neel123/wsFreedomStudio/sifive_hifive1_revb_example_i2c/bsp/install/lib/debug//libmetal.a(riscv_cpu.o)
                0x00000000200193e2                __metal_default_timer_handler
 *fill*         0x000000002001944c       0x34 
 .text.__metal_exception_handler
                0x0000000020019480      0x1f6 /Users/neel123/wsFreedomStudio/sifive_hifive1_revb_example_i2c/bsp/install/lib/debug//libmetal.a(riscv_cpu.o)
                0x0000000020019480                __metal_exception_handler
 .text.metal_lc0_interrupt_vector_handler
                0x0000000020019676       0x92 /Users/neel123/wsFreedomStudio/sifive_hifive1_revb_example_i2c/bsp/install/lib/debug//libmetal.a(riscv_cpu.o)
                0x0000000020019676                metal_lc0_interrupt_vector_handler
 .text.metal_lc1_interrupt_vector_handler
                0x0000000020019708       0x92 /Users/neel123/wsFreedomStudio/sifive_hifive1_revb_example_i2c/bsp/install/lib/debug//libmetal.a(riscv_cpu.o)
                0x0000000020019708                metal_lc1_interrupt_vector_handler
 .text.metal_lc2_interrupt_vector_handler
                0x000000002001979a       0x92 /Users/neel123/wsFreedomStudio/sifive_hifive1_revb_example_i2c/bsp/install/lib/debug//libmetal.a(riscv_cpu.o)
                0x000000002001979a                metal_lc2_interrupt_vector_handler
 .text.metal_lc3_interrupt_vector_handler
                0x000000002001982c       0x92 /Users/neel123/wsFreedomStudio/sifive_hifive1_revb_example_i2c/bsp/install/lib/debug//libmetal.a(riscv_cpu.o)
                0x000000002001982c                metal_lc3_interrupt_vector_handler
 .text.metal_lc4_interrupt_vector_handler
                0x00000000200198be       0x92 /Users/neel123/wsFreedomStudio/sifive_hifive1_revb_example_i2c/bsp/install/lib/debug//libmetal.a(riscv_cpu.o)
                0x00000000200198be                metal_lc4_interrupt_vector_handler
 .text.metal_lc5_interrupt_vector_handler
                0x0000000020019950       0x92 /Users/neel123/wsFreedomStudio/sifive_hifive1_revb_example_i2c/bsp/install/lib/debug//libmetal.a(riscv_cpu.o)
                0x0000000020019950                metal_lc5_interrupt_vector_handler
 .text.metal_lc6_interrupt_vector_handler
                0x00000000200199e2       0x92 /Users/neel123/wsFreedomStudio/sifive_hifive1_revb_example_i2c/bsp/install/lib/debug//libmetal.a(riscv_cpu.o)
                0x00000000200199e2                metal_lc6_interrupt_vector_handler
 .text.metal_lc7_interrupt_vector_handler
                0x0000000020019a74       0x92 /Users/neel123/wsFreedomStudio/sifive_hifive1_revb_example_i2c/bsp/install/lib/debug//libmetal.a(riscv_cpu.o)
                0x0000000020019a74                metal_lc7_interrupt_vector_handler
 .text.metal_lc8_interrupt_vector_handler
                0x0000000020019b06       0x92 /Users/neel123/wsFreedomStudio/sifive_hifive1_revb_example_i2c/bsp/install/lib/debug//libmetal.a(riscv_cpu.o)
                0x0000000020019b06                metal_lc8_interrupt_vector_handler
 .text.metal_lc9_interrupt_vector_handler
                0x0000000020019b98       0x92 /Users/neel123/wsFreedomStudio/sifive_hifive1_revb_example_i2c/bsp/install/lib/debug//libmetal.a(riscv_cpu.o)
                0x0000000020019b98                metal_lc9_interrupt_vector_handler
 .text.metal_lc10_interrupt_vector_handler
                0x0000000020019c2a       0x92 /Users/neel123/wsFreedomStudio/sifive_hifive1_revb_example_i2c/bsp/install/lib/debug//libmetal.a(riscv_cpu.o)
                0x0000000020019c2a                metal_lc10_interrupt_vector_handler
 .text.metal_lc11_interrupt_vector_handler
                0x0000000020019cbc       0x92 /Users/neel123/wsFreedomStudio/sifive_hifive1_revb_example_i2c/bsp/install/lib/debug//libmetal.a(riscv_cpu.o)
                0x0000000020019cbc                metal_lc11_interrupt_vector_handler
 .text.metal_lc12_interrupt_vector_handler
                0x0000000020019d4e       0x92 /Users/neel123/wsFreedomStudio/sifive_hifive1_revb_example_i2c/bsp/install/lib/debug//libmetal.a(riscv_cpu.o)
                0x0000000020019d4e                metal_lc12_interrupt_vector_handler
 .text.metal_lc13_interrupt_vector_handler
                0x0000000020019de0       0x92 /Users/neel123/wsFreedomStudio/sifive_hifive1_revb_example_i2c/bsp/install/lib/debug//libmetal.a(riscv_cpu.o)
                0x0000000020019de0                metal_lc13_interrupt_vector_handler
 .text.metal_lc14_interrupt_vector_handler
                0x0000000020019e72       0x92 /Users/neel123/wsFreedomStudio/sifive_hifive1_revb_example_i2c/bsp/install/lib/debug//libmetal.a(riscv_cpu.o)
                0x0000000020019e72                metal_lc14_interrupt_vector_handler
 .text.metal_lc15_interrupt_vector_handler
                0x0000000020019f04       0x92 /Users/neel123/wsFreedomStudio/sifive_hifive1_revb_example_i2c/bsp/install/lib/debug//libmetal.a(riscv_cpu.o)
                0x0000000020019f04                metal_lc15_interrupt_vector_handler
 .text.__metal_controller_interrupt_vector_mode
                0x0000000020019f96       0x50 /Users/neel123/wsFreedomStudio/sifive_hifive1_revb_example_i2c/bsp/install/lib/debug//libmetal.a(riscv_cpu.o)
                0x0000000020019f96                __metal_controller_interrupt_vector_mode
 .text.__metal_controller_interrupt_vector
                0x0000000020019fe6       0x98 /Users/neel123/wsFreedomStudio/sifive_hifive1_revb_example_i2c/bsp/install/lib/debug//libmetal.a(riscv_cpu.o)
                0x0000000020019fe6                __metal_controller_interrupt_vector
 .text.__metal_valid_interrupt_id
                0x000000002001a07e       0x64 /Users/neel123/wsFreedomStudio/sifive_hifive1_revb_example_i2c/bsp/install/lib/debug//libmetal.a(riscv_cpu.o)
                0x000000002001a07e                __metal_valid_interrupt_id
 .text.__metal_local_interrupt_enable
                0x000000002001a0e2       0xbc /Users/neel123/wsFreedomStudio/sifive_hifive1_revb_example_i2c/bsp/install/lib/debug//libmetal.a(riscv_cpu.o)
                0x000000002001a0e2                __metal_local_interrupt_enable
 .text.__metal_exception_register
                0x000000002001a19e       0x4e /Users/neel123/wsFreedomStudio/sifive_hifive1_revb_example_i2c/bsp/install/lib/debug//libmetal.a(riscv_cpu.o)
                0x000000002001a19e                __metal_exception_register
 .text.__metal_driver_riscv_cpu_controller_interrupt_init
                0x000000002001a1ec       0xe4 /Users/neel123/wsFreedomStudio/sifive_hifive1_revb_example_i2c/bsp/install/lib/debug//libmetal.a(riscv_cpu.o)
                0x000000002001a1ec                __metal_driver_riscv_cpu_controller_interrupt_init
 .text.__metal_driver_riscv_cpu_controller_interrupt_register
                0x000000002001a2d0      0x1da /Users/neel123/wsFreedomStudio/sifive_hifive1_revb_example_i2c/bsp/install/lib/debug//libmetal.a(riscv_cpu.o)
                0x000000002001a2d0                __metal_driver_riscv_cpu_controller_interrupt_register
 .text.__metal_driver_riscv_cpu_controller_interrupt_enable
                0x000000002001a4aa       0x2c /Users/neel123/wsFreedomStudio/sifive_hifive1_revb_example_i2c/bsp/install/lib/debug//libmetal.a(riscv_cpu.o)
                0x000000002001a4aa                __metal_driver_riscv_cpu_controller_interrupt_enable
 .text.__metal_driver_riscv_cpu_controller_interrupt_disable
                0x000000002001a4d6       0x2c /Users/neel123/wsFreedomStudio/sifive_hifive1_revb_example_i2c/bsp/install/lib/debug//libmetal.a(riscv_cpu.o)
                0x000000002001a4d6                __metal_driver_riscv_cpu_controller_interrupt_disable
 .text.__metal_driver_riscv_cpu_controller_get_vector_mode
                0x000000002001a502       0x1c /Users/neel123/wsFreedomStudio/sifive_hifive1_revb_example_i2c/bsp/install/lib/debug//libmetal.a(riscv_cpu.o)
                0x000000002001a502                __metal_driver_riscv_cpu_controller_get_vector_mode
 .text.__metal_driver_riscv_cpu_controller_set_vector_mode
                0x000000002001a51e       0x54 /Users/neel123/wsFreedomStudio/sifive_hifive1_revb_example_i2c/bsp/install/lib/debug//libmetal.a(riscv_cpu.o)
                0x000000002001a51e                __metal_driver_riscv_cpu_controller_set_vector_mode
 .text.__metal_driver_riscv_cpu_controller_command_request
                0x000000002001a572       0x1c /Users/neel123/wsFreedomStudio/sifive_hifive1_revb_example_i2c/bsp/install/lib/debug//libmetal.a(riscv_cpu.o)
                0x000000002001a572                __metal_driver_riscv_cpu_controller_command_request
 .text.__metal_driver_cpu_mcycle_get
                0x000000002001a58e       0x72 /Users/neel123/wsFreedomStudio/sifive_hifive1_revb_example_i2c/bsp/install/lib/debug//libmetal.a(riscv_cpu.o)
                0x000000002001a58e                __metal_driver_cpu_mcycle_get
 .text.__metal_driver_cpu_timebase_get
                0x000000002001a600       0x46 /Users/neel123/wsFreedomStudio/sifive_hifive1_revb_example_i2c/bsp/install/lib/debug//libmetal.a(riscv_cpu.o)
                0x000000002001a600                __metal_driver_cpu_timebase_get
 .text.__metal_driver_cpu_mtime_get
                0x000000002001a646       0x66 /Users/neel123/wsFreedomStudio/sifive_hifive1_revb_example_i2c/bsp/install/lib/debug//libmetal.a(riscv_cpu.o)
                0x000000002001a646                __metal_driver_cpu_mtime_get
 .text.__metal_driver_cpu_mtimecmp_set
                0x000000002001a6ac       0x76 /Users/neel123/wsFreedomStudio/sifive_hifive1_revb_example_i2c/bsp/install/lib/debug//libmetal.a(riscv_cpu.o)
                0x000000002001a6ac                __metal_driver_cpu_mtimecmp_set
 .text.__metal_driver_cpu_timer_controller_interrupt
                0x000000002001a722       0x16 /Users/neel123/wsFreedomStudio/sifive_hifive1_revb_example_i2c/bsp/install/lib/debug//libmetal.a(riscv_cpu.o)
                0x000000002001a722                __metal_driver_cpu_timer_controller_interrupt
 .text.__metal_driver_cpu_get_timer_interrupt_id
                0x000000002001a738       0x14 /Users/neel123/wsFreedomStudio/sifive_hifive1_revb_example_i2c/bsp/install/lib/debug//libmetal.a(riscv_cpu.o)
                0x000000002001a738                __metal_driver_cpu_get_timer_interrupt_id
 .text.__metal_driver_cpu_sw_controller_interrupt
                0x000000002001a74c       0x16 /Users/neel123/wsFreedomStudio/sifive_hifive1_revb_example_i2c/bsp/install/lib/debug//libmetal.a(riscv_cpu.o)
                0x000000002001a74c                __metal_driver_cpu_sw_controller_interrupt
 .text.__metal_driver_cpu_get_sw_interrupt_id
                0x000000002001a762       0x14 /Users/neel123/wsFreedomStudio/sifive_hifive1_revb_example_i2c/bsp/install/lib/debug//libmetal.a(riscv_cpu.o)
                0x000000002001a762                __metal_driver_cpu_get_sw_interrupt_id
 .text.__metal_driver_cpu_set_sw_ipi
                0x000000002001a776       0x62 /Users/neel123/wsFreedomStudio/sifive_hifive1_revb_example_i2c/bsp/install/lib/debug//libmetal.a(riscv_cpu.o)
                0x000000002001a776                __metal_driver_cpu_set_sw_ipi
 .text.__metal_driver_cpu_clear_sw_ipi
                0x000000002001a7d8       0x62 /Users/neel123/wsFreedomStudio/sifive_hifive1_revb_example_i2c/bsp/install/lib/debug//libmetal.a(riscv_cpu.o)
                0x000000002001a7d8                __metal_driver_cpu_clear_sw_ipi
 .text.__metal_driver_cpu_get_msip
                0x000000002001a83a       0x60 /Users/neel123/wsFreedomStudio/sifive_hifive1_revb_example_i2c/bsp/install/lib/debug//libmetal.a(riscv_cpu.o)
                0x000000002001a83a                __metal_driver_cpu_get_msip
 .text.__metal_driver_cpu_controller_interrupt
                0x000000002001a89a       0x20 /Users/neel123/wsFreedomStudio/sifive_hifive1_revb_example_i2c/bsp/install/lib/debug//libmetal.a(riscv_cpu.o)
                0x000000002001a89a                __metal_driver_cpu_controller_interrupt
 .text.__metal_driver_cpu_exception_register
                0x000000002001a8ba       0x46 /Users/neel123/wsFreedomStudio/sifive_hifive1_revb_example_i2c/bsp/install/lib/debug//libmetal.a(riscv_cpu.o)
                0x000000002001a8ba                __metal_driver_cpu_exception_register
 .text.__metal_driver_cpu_get_instruction_length
                0x000000002001a900       0x2e /Users/neel123/wsFreedomStudio/sifive_hifive1_revb_example_i2c/bsp/install/lib/debug//libmetal.a(riscv_cpu.o)
                0x000000002001a900                __metal_driver_cpu_get_instruction_length
 .text.__metal_driver_cpu_get_exception_pc
                0x000000002001a92e       0x1e /Users/neel123/wsFreedomStudio/sifive_hifive1_revb_example_i2c/bsp/install/lib/debug//libmetal.a(riscv_cpu.o)
                0x000000002001a92e                __metal_driver_cpu_get_exception_pc
 .text.__metal_driver_cpu_set_exception_pc
                0x000000002001a94c       0x20 /Users/neel123/wsFreedomStudio/sifive_hifive1_revb_example_i2c/bsp/install/lib/debug//libmetal.a(riscv_cpu.o)
                0x000000002001a94c                __metal_driver_cpu_set_exception_pc
 .text.__metal_driver_cpu_get_buserror
                0x000000002001a96c       0x20 /Users/neel123/wsFreedomStudio/sifive_hifive1_revb_example_i2c/bsp/install/lib/debug//libmetal.a(riscv_cpu.o)
                0x000000002001a96c                __metal_driver_cpu_get_buserror
 .text.__metal_driver_sifive_plic0_control_base
                0x000000002001a98c       0x2a /Users/neel123/wsFreedomStudio/sifive_hifive1_revb_example_i2c/bsp/install/lib/debug//libmetal.a(riscv_plic0.o)
 .text.__metal_driver_sifive_plic0_num_interrupts
                0x000000002001a9b6       0x2a /Users/neel123/wsFreedomStudio/sifive_hifive1_revb_example_i2c/bsp/install/lib/debug//libmetal.a(riscv_plic0.o)
 .text.__metal_driver_sifive_plic0_max_priority
                0x000000002001a9e0       0x28 /Users/neel123/wsFreedomStudio/sifive_hifive1_revb_example_i2c/bsp/install/lib/debug//libmetal.a(riscv_plic0.o)
 .text.__metal_driver_sifive_plic0_interrupt_parents
                0x000000002001aa08       0x28 /Users/neel123/wsFreedomStudio/sifive_hifive1_revb_example_i2c/bsp/install/lib/debug//libmetal.a(riscv_plic0.o)
 .text.__metal_driver_sifive_plic0_interrupt_lines
                0x000000002001aa30       0x22 /Users/neel123/wsFreedomStudio/sifive_hifive1_revb_example_i2c/bsp/install/lib/debug//libmetal.a(riscv_plic0.o)
 .text.__metal_driver_sifive_plic0_context_ids
                0x000000002001aa52       0x1e /Users/neel123/wsFreedomStudio/sifive_hifive1_revb_example_i2c/bsp/install/lib/debug//libmetal.a(riscv_plic0.o)
 .text.__metal_plic0_claim_interrupt
                0x000000002001aa70       0x3e /Users/neel123/wsFreedomStudio/sifive_hifive1_revb_example_i2c/bsp/install/lib/debug//libmetal.a(riscv_plic0.o)
                0x000000002001aa70                __metal_plic0_claim_interrupt
 .text.__metal_plic0_complete_interrupt
                0x000000002001aaae       0x48 /Users/neel123/wsFreedomStudio/sifive_hifive1_revb_example_i2c/bsp/install/lib/debug//libmetal.a(riscv_plic0.o)
                0x000000002001aaae                __metal_plic0_complete_interrupt
 .text.__metal_plic0_set_threshold
                0x000000002001aaf6       0x48 /Users/neel123/wsFreedomStudio/sifive_hifive1_revb_example_i2c/bsp/install/lib/debug//libmetal.a(riscv_plic0.o)
                0x000000002001aaf6                __metal_plic0_set_threshold
 .text.__metal_plic0_get_threshold
                0x000000002001ab3e       0x3c /Users/neel123/wsFreedomStudio/sifive_hifive1_revb_example_i2c/bsp/install/lib/debug//libmetal.a(riscv_plic0.o)
                0x000000002001ab3e                __metal_plic0_get_threshold
 .text.__metal_driver_riscv_plic0_set_priority
                0x000000002001ab7a       0x66 /Users/neel123/wsFreedomStudio/sifive_hifive1_revb_example_i2c/bsp/install/lib/debug//libmetal.a(riscv_plic0.o)
                0x000000002001ab7a                __metal_driver_riscv_plic0_set_priority
 .text.__metal_driver_riscv_plic0_get_priority
                0x000000002001abe0       0x36 /Users/neel123/wsFreedomStudio/sifive_hifive1_revb_example_i2c/bsp/install/lib/debug//libmetal.a(riscv_plic0.o)
                0x000000002001abe0                __metal_driver_riscv_plic0_get_priority
 .text.__metal_plic0_enable
                0x000000002001ac16       0xa4 /Users/neel123/wsFreedomStudio/sifive_hifive1_revb_example_i2c/bsp/install/lib/debug//libmetal.a(riscv_plic0.o)
                0x000000002001ac16                __metal_plic0_enable
 .text.__metal_plic0_default_handler
                0x000000002001acba       0x18 /Users/neel123/wsFreedomStudio/sifive_hifive1_revb_example_i2c/bsp/install/lib/debug//libmetal.a(riscv_plic0.o)
                0x000000002001acba                __metal_plic0_default_handler
 .text.__metal_plic0_handler